--- 
http_interactions: 
- request: 
    method: post
    uri: https://<GITHUB_LOGIN>:<GITHUB_PASSWORD>@api.github.com/gists
    body: 
      encoding: UTF-8
      string: "{\"description\":\"A gist from Octokit\",\"public\":true,\"files\":{\"zen.text\":{\"content\":\"Keep it logically awesome.\"}}}"
    headers: 
      Accept: 
      - application/vnd.github.beta+json
      User-Agent: 
      - Octokit Ruby Gem 2.0.0.pre
  response: 
    status: 
      code: 201
      message: Created
    headers: 
      Server: 
      - GitHub.com
      Date: 
      - Fri, 10 May 2013 15:28:43 GMT
      Content-Type: 
      - application/json; charset=utf-8
      Connection: 
      - keep-alive
      Status: 
      - 201 Created
      X-Ratelimit-Limit: 
      - "5000"
      X-Ratelimit-Remaining: 
      - "4943"
      Location: 
      - https://api.github.com/gists/5555170
      X-Github-Media-Type: 
      - github.beta; format=json
      X-Content-Type-Options: 
      - nosniff
      Content-Length: 
      - "3086"
      Access-Control-Allow-Credentials: 
      - "true"
      Access-Control-Expose-Headers: 
      - Link, X-RateLimit-Limit, X-RateLimit-Remaining, X-OAuth-Scopes, X-Accepted-OAuth-Scopes
      Access-Control-Allow-Origin: 
      - "*"
      Etag: 
      - "\"b1bc6d90621ddfd7151f51f21fe2c3ba\""
      Cache-Control: 
      - max-age=0, private, must-revalidate
    body: 
      encoding: US-ASCII
      string: "{\"url\":\"https://api.github.com/gists/5555170\",\"forks_url\":\"https://api.github.com/gists/5555170/forks\",\"commits_url\":\"https://api.github.com/gists/5555170/commits\",\"id\":\"5555170\",\"git_pull_url\":\"https://gist.github.com/5555170.git\",\"git_push_url\":\"https://gist.github.com/5555170.git\",\"html_url\":\"https://gist.github.com/5555170\",\"files\":{\"zen.text\":{\"filename\":\"zen.text\",\"type\":\"text/plain\",\"language\":null,\"raw_url\":\"https://gist.github.com/raw/5555170/fde0619cfe8ece129304af54eed78bf866287178/zen.text\",\"size\":26,\"content\":\"Keep it logically awesome.\"}},\"public\":true,\"created_at\":\"2013-05-10T15:28:43Z\",\"updated_at\":\"2013-05-10T15:28:43Z\",\"description\":\"A gist from Octokit\",\"comments\":0,\"user\":{\"login\":\"<GITHUB_LOGIN>\",\"id\":3513548,\"avatar_url\":\"https://secure.gravatar.com/avatar/becfacf16d1c453662cc46abf5b6f0f9?d=https://a248.e.akamai.net/assets.github.com%2Fimages%2Fgravatars%2Fgravatar-user-420.png\",\"gravatar_id\":\"becfacf16d1c453662cc46abf5b6f0f9\",\"url\":\"https://api.github.com/users/<GITHUB_LOGIN>\",\"html_url\":\"https://github.com/<GITHUB_LOGIN>\",\"followers_url\":\"https://api.github.com/users/<GITHUB_LOGIN>/followers\",\"following_url\":\"https://api.github.com/users/<GITHUB_LOGIN>/following{/other_user}\",\"gists_url\":\"https://api.github.com/users/<GITHUB_LOGIN>/gists{/gist_id}\",\"starred_url\":\"https://api.github.com/users/<GITHUB_LOGIN>/starred{/owner}{/repo}\",\"subscriptions_url\":\"https://api.github.com/users/<GITHUB_LOGIN>/subscriptions\",\"organizations_url\":\"https://api.github.com/users/<GITHUB_LOGIN>/orgs\",\"repos_url\":\"https://api.github.com/users/<GITHUB_LOGIN>/repos\",\"events_url\":\"https://api.github.com/users/<GITHUB_LOGIN>/events{/privacy}\",\"received_events_url\":\"https://api.github.com/users/<GITHUB_LOGIN>/received_events\",\"type\":\"User\"},\"comments_url\":\"https://api.github.com/gists/5555170/comments\",\"forks\":[],\"history\":[{\"user\":{\"login\":\"<GITHUB_LOGIN>\",\"id\":3513548,\"avatar_url\":\"https://secure.gravatar.com/avatar/becfacf16d1c453662cc46abf5b6f0f9?d=https://a248.e.akamai.net/assets.github.com%2Fimages%2Fgravatars%2Fgravatar-user-420.png\",\"gravatar_id\":\"becfacf16d1c453662cc46abf5b6f0f9\",\"url\":\"https://api.github.com/users/<GITHUB_LOGIN>\",\"html_url\":\"https://github.com/<GITHUB_LOGIN>\",\"followers_url\":\"https://api.github.com/users/<GITHUB_LOGIN>/followers\",\"following_url\":\"https://api.github.com/users/<GITHUB_LOGIN>/following{/other_user}\",\"gists_url\":\"https://api.github.com/users/<GITHUB_LOGIN>/gists{/gist_id}\",\"starred_url\":\"https://api.github.com/users/<GITHUB_LOGIN>/starred{/owner}{/repo}\",\"subscriptions_url\":\"https://api.github.com/users/<GITHUB_LOGIN>/subscriptions\",\"organizations_url\":\"https://api.github.com/users/<GITHUB_LOGIN>/orgs\",\"repos_url\":\"https://api.github.com/users/<GITHUB_LOGIN>/repos\",\"events_url\":\"https://api.github.com/users/<GITHUB_LOGIN>/events{/privacy}\",\"received_events_url\":\"https://api.github.com/users/<GITHUB_LOGIN>/received_events\",\"type\":\"User\"},\"version\":\"e3a0f21b407486967910f0500329ede5aa993957\",\"committed_at\":\"2013-05-10T15:28:43Z\",\"change_status\":{\"total\":1,\"additions\":1,\"deletions\":0},\"url\":\"https://api.github.com/gists/5555170/e3a0f21b407486967910f0500329ede5aa993957\"}]}"
    http_version: 
  recorded_at: Fri, 10 May 2013 15:28:43 GMT
- request: 
    method: post
    uri: https://<GITHUB_LOGIN>:<GITHUB_PASSWORD>@api.github.com/gists/5421307/comments
    body: 
      encoding: UTF-8
      string: "{\"body\":\":metal:\"}"
    headers: 
      Accept: 
      - application/vnd.github.beta+json
      User-Agent: 
      - Octokit Ruby Gem 2.0.0.pre
  response: 
    status: 
      code: 201
      message: Created
    headers: 
      Server: 
      - GitHub.com
      Date: 
      - Fri, 10 May 2013 15:28:44 GMT
      Content-Type: 
      - application/json; charset=utf-8
      Connection: 
      - keep-alive
      Status: 
      - 201 Created
      X-Ratelimit-Limit: 
      - "5000"
      X-Ratelimit-Remaining: 
      - "4942"
      Location: 
      - https://api.github.com/gists/5421307/comments/828614
      X-Github-Media-Type: 
      - github.beta; format=json
      X-Content-Type-Options: 
      - nosniff
      Content-Length: 
      - "1199"
      Access-Control-Allow-Credentials: 
      - "true"
      Access-Control-Expose-Headers: 
      - Link, X-RateLimit-Limit, X-RateLimit-Remaining, X-OAuth-Scopes, X-Accepted-OAuth-Scopes
      Access-Control-Allow-Origin: 
      - "*"
      Etag: 
      - "\"8202b12beb03c0996a706887432a9b26\""
      Cache-Control: 
      - max-age=0, private, must-revalidate
    body: 
      encoding: US-ASCII
      string: "{\"url\":\"https://api.github.com/gists/5421307/comments/828614\",\"id\":828614,\"user\":{\"login\":\"<GITHUB_LOGIN>\",\"id\":3513548,\"avatar_url\":\"https://secure.gravatar.com/avatar/becfacf16d1c453662cc46abf5b6f0f9?d=https://a248.e.akamai.net/assets.github.com%2Fimages%2Fgravatars%2Fgravatar-user-420.png\",\"gravatar_id\":\"becfacf16d1c453662cc46abf5b6f0f9\",\"url\":\"https://api.github.com/users/<GITHUB_LOGIN>\",\"html_url\":\"https://github.com/<GITHUB_LOGIN>\",\"followers_url\":\"https://api.github.com/users/<GITHUB_LOGIN>/followers\",\"following_url\":\"https://api.github.com/users/<GITHUB_LOGIN>/following{/other_user}\",\"gists_url\":\"https://api.github.com/users/<GITHUB_LOGIN>/gists{/gist_id}\",\"starred_url\":\"https://api.github.com/users/<GITHUB_LOGIN>/starred{/owner}{/repo}\",\"subscriptions_url\":\"https://api.github.com/users/<GITHUB_LOGIN>/subscriptions\",\"organizations_url\":\"https://api.github.com/users/<GITHUB_LOGIN>/orgs\",\"repos_url\":\"https://api.github.com/users/<GITHUB_LOGIN>/repos\",\"events_url\":\"https://api.github.com/users/<GITHUB_LOGIN>/events{/privacy}\",\"received_events_url\":\"https://api.github.com/users/<GITHUB_LOGIN>/received_events\",\"type\":\"User\"},\"created_at\":\"2013-05-10T15:28:44Z\",\"updated_at\":\"2013-05-10T15:28:44Z\",\"body\":\":metal:\"}"
    http_version: 
  recorded_at: Fri, 10 May 2013 15:28:44 GMT
- request: 
    method: get
    uri: https://<GITHUB_LOGIN>:<GITHUB_PASSWORD>@api.github.com/gists
    body: 
      encoding: US-ASCII
      string: ""
    headers: 
      Accept: 
      - application/vnd.github.beta+json
      User-Agent: 
      - Octokit Ruby Gem 2.0.0.pre
      Accept-Encoding: 
      - gzip;q=1.0,deflate;q=0.6,identity;q=0.3
  response: 
    status: 
      code: 200
      message: OK
    headers: 
      Server: 
      - GitHub.com
      Date: 
      - Fri, 10 May 2013 15:28:44 GMT
      Content-Type: 
      - application/json; charset=utf-8
      Transfer-Encoding: 
      - chunked
      Connection: 
      - keep-alive
      Status: 
      - 200 OK
      X-Ratelimit-Limit: 
      - "5000"
      X-Ratelimit-Remaining: 
      - "4941"
      Vary: 
      - Accept, Authorization, Cookie
      - Accept-Encoding
      Cache-Control: 
      - private, max-age=60, s-maxage=60
      Last-Modified: 
      - Fri, 10 May 2013 15:28:44 GMT
      Etag: 
      - "\"8a0c9b3287e99d7a0accfc09f8997310\""
      X-Github-Media-Type: 
      - github.beta; format=json
      X-Content-Type-Options: 
      - nosniff
      Access-Control-Allow-Credentials: 
      - "true"
      Access-Control-Expose-Headers: 
      - Link, X-RateLimit-Limit, X-RateLimit-Remaining, X-OAuth-Scopes, X-Accepted-OAuth-Scopes
      Access-Control-Allow-Origin: 
      - "*"
    body: 
      encoding: ASCII-8BIT
      string: "[{\"url\":\"https://api.github.com/gists/5555170\",\"forks_url\":\"https://api.github.com/gists/5555170/forks\",\"commits_url\":\"https://api.github.com/gists/5555170/commits\",\"id\":\"5555170\",\"git_pull_url\":\"https://gist.github.com/5555170.git\",\"git_push_url\":\"https://gist.github.com/5555170.git\",\"html_url\":\"https://gist.github.com/5555170\",\"files\":{\"zen.text\":{\"filename\":\"zen.text\",\"type\":\"text/plain\",\"language\":null,\"raw_url\":\"https://gist.github.com/raw/5555170/fde0619cfe8ece129304af54eed78bf866287178/zen.text\",\"size\":26}},\"public\":true,\"created_at\":\"2013-05-10T15:28:43Z\",\"updated_at\":\"2013-05-10T15:28:43Z\",\"description\":\"A gist from Octokit\",\"comments\":0,\"user\":{\"login\":\"<GITHUB_LOGIN>\",\"id\":3513548,\"avatar_url\":\"https://secure.gravatar.com/avatar/becfacf16d1c453662cc46abf5b6f0f9?d=https://a248.e.akamai.net/assets.github.com%2Fimages%2Fgravatars%2Fgravatar-user-420.png\",\"gravatar_id\":\"becfacf16d1c453662cc46abf5b6f0f9\",\"url\":\"https://api.github.com/users/<GITHUB_LOGIN>\",\"html_url\":\"https://github.com/<GITHUB_LOGIN>\",\"followers_url\":\"https://api.github.com/users/<GITHUB_LOGIN>/followers\",\"following_url\":\"https://api.github.com/users/<GITHUB_LOGIN>/following{/other_user}\",\"gists_url\":\"https://api.github.com/users/<GITHUB_LOGIN>/gists{/gist_id}\",\"starred_url\":\"https://api.github.com/users/<GITHUB_LOGIN>/starred{/owner}{/repo}\",\"subscriptions_url\":\"https://api.github.com/users/<GITHUB_LOGIN>/subscriptions\",\"organizations_url\":\"https://api.github.com/users/<GITHUB_LOGIN>/orgs\",\"repos_url\":\"https://api.github.com/users/<GITHUB_LOGIN>/repos\",\"events_url\":\"https://api.github.com/users/<GITHUB_LOGIN>/events{/privacy}\",\"received_events_url\":\"https://api.github.com/users/<GITHUB_LOGIN>/received_events\",\"type\":\"User\"},\"comments_url\":\"https://api.github.com/gists/5555170/comments\"},{\"url\":\"https://api.github.com/gists/5555147\",\"forks_url\":\"https://api.github.com/gists/5555147/forks\",\"commits_url\":\"https://api.github.com/gists/5555147/commits\",\"id\":\"5555147\",\"git_pull_url\":\"https://gist.github.com/5555147.git\",\"git_push_url\":\"https://gist.github.com/5555147.git\",\"html_url\":\"https://gist.github.com/5555147\",\"files\":{\"zen.text\":{\"filename\":\"zen.text\",\"type\":\"text/plain\",\"language\":null,\"raw_url\":\"https://gist.github.com/raw/5555147/fde0619cfe8ece129304af54eed78bf866287178/zen.text\",\"size\":26}},\"public\":true,\"created_at\":\"2013-05-10T15:25:58Z\",\"updated_at\":\"2013-05-10T15:26:01Z\",\"description\":\"GitHub Zen\",\"comments\":0,\"user\":{\"login\":\"<GITHUB_LOGIN>\",\"id\":3513548,\"avatar_url\":\"https://secure.gravatar.com/avatar/becfacf16d1c453662cc46abf5b6f0f9?d=https://a248.e.akamai.net/assets.github.com%2Fimages%2Fgravatars%2Fgravatar-user-420.png\",\"gravatar_id\":\"becfacf16d1c453662cc46abf5b6f0f9\",\"url\":\"https://api.github.com/users/<GITHUB_LOGIN>\",\"html_url\":\"https://github.com/<GITHUB_LOGIN>\",\"followers_url\":\"https://api.github.com/users/<GITHUB_LOGIN>/followers\",\"following_url\":\"https://api.github.com/users/<GITHUB_LOGIN>/following{/other_user}\",\"gists_url\":\"https://api.github.com/users/<GITHUB_LOGIN>/gists{/gist_id}\",\"starred_url\":\"https://api.github.com/users/<GITHUB_LOGIN>/starred{/owner}{/repo}\",\"subscriptions_url\":\"https://api.github.com/users/<GITHUB_LOGIN>/subscriptions\",\"organizations_url\":\"https://api.github.com/users/<GITHUB_LOGIN>/orgs\",\"repos_url\":\"https://api.github.com/users/<GITHUB_LOGIN>/repos\",\"events_url\":\"https://api.github.com/users/<GITHUB_LOGIN>/events{/privacy}\",\"received_events_url\":\"https://api.github.com/users/<GITHUB_LOGIN>/received_events\",\"type\":\"User\"},\"comments_url\":\"https://api.github.com/gists/5555147/comments\"},{\"url\":\"https://api.github.com/gists/5555110\",\"forks_url\":\"https://api.github.com/gists/5555110/forks\",\"commits_url\":\"https://api.github.com/gists/5555110/commits\",\"id\":\"5555110\",\"git_pull_url\":\"https://gist.github.com/5555110.git\",\"git_push_url\":\"https://gist.github.com/5555110.git\",\"html_url\":\"https://gist.github.com/5555110\",\"files\":{\"zen.text\":{\"filename\":\"zen.text\",\"type\":\"text/plain\",\"language\":null,\"raw_url\":\"https://gist.github.com/raw/5555110/fde0619cfe8ece129304af54eed78bf866287178/zen.text\",\"size\":26}},\"public\":true,\"created_at\":\"2013-05-10T15:21:02Z\",\"updated_at\":\"2013-05-10T15:21:02Z\",\"description\":\"A gist from Octokit\",\"comments\":0,\"user\":{\"login\":\"<GITHUB_LOGIN>\",\"id\":3513548,\"avatar_url\":\"https://secure.gravatar.com/avatar/becfacf16d1c453662cc46abf5b6f0f9?d=https://a248.e.akamai.net/assets.github.com%2Fimages%2Fgravatars%2Fgravatar-user-420.png\",\"gravatar_id\":\"becfacf16d1c453662cc46abf5b6f0f9\",\"url\":\"https://api.github.com/users/<GITHUB_LOGIN>\",\"html_url\":\"https://github.com/<GITHUB_LOGIN>\",\"followers_url\":\"https://api.github.com/users/<GITHUB_LOGIN>/followers\",\"following_url\":\"https://api.github.com/users/<GITHUB_LOGIN>/following{/other_user}\",\"gists_url\":\"https://api.github.com/users/<GITHUB_LOGIN>/gists{/gist_id}\",\"starred_url\":\"https://api.github.com/users/<GITHUB_LOGIN>/starred{/owner}{/repo}\",\"subscriptions_url\":\"https://api.github.com/users/<GITHUB_LOGIN>/subscriptions\",\"organizations_url\":\"https://api.github.com/users/<GITHUB_LOGIN>/orgs\",\"repos_url\":\"https://api.github.com/users/<GITHUB_LOGIN>/repos\",\"events_url\":\"https://api.github.com/users/<GITHUB_LOGIN>/events{/privacy}\",\"received_events_url\":\"https://api.github.com/users/<GITHUB_LOGIN>/received_events\",\"type\":\"User\"},\"comments_url\":\"https://api.github.com/gists/5555110/comments\"},{\"url\":\"https://api.github.com/gists/5421867\",\"forks_url\":\"https://api.github.com/gists/5421867/forks\",\"commits_url\":\"https://api.github.com/gists/5421867/commits\",\"id\":\"5421867\",\"git_pull_url\":\"https://gist.github.com/5421867.git\",\"git_push_url\":\"https://gist.github.com/5421867.git\",\"html_url\":\"https://gist.github.com/5421867\",\"files\":{\"sem_test.py\":{\"filename\":\"sem_test.py\",\"type\":\"application/python\",\"language\":\"Python\",\"raw_url\":\"https://gist.github.com/raw/5421867/52b030e5870fe6a74da6343f88f7a55453a988e0/sem_test.py\",\"size\":739},\"thread_util.py\":{\"filename\":\"thread_util.py\",\"type\":\"application/python\",\"language\":\"Python\",\"raw_url\":\"https://gist.github.com/raw/5421867/a598a05cef34861438e847a210af74b878bb39e7/thread_util.py\",\"size\":1975}},\"public\":true,\"created_at\":\"2013-04-19T17:32:47Z\",\"updated_at\":\"2013-04-19T17:32:47Z\",\"description\":\"Python 2.6 with a Python 3.2-style semaphore\",\"comments\":0,\"user\":{\"login\":\"<GITHUB_LOGIN>\",\"id\":3513548,\"avatar_url\":\"https://secure.gravatar.com/avatar/becfacf16d1c453662cc46abf5b6f0f9?d=https://a248.e.akamai.net/assets.github.com%2Fimages%2Fgravatars%2Fgravatar-user-420.png\",\"gravatar_id\":\"becfacf16d1c453662cc46abf5b6f0f9\",\"url\":\"https://api.github.com/users/<GITHUB_LOGIN>\",\"html_url\":\"https://github.com/<GITHUB_LOGIN>\",\"followers_url\":\"https://api.github.com/users/<GITHUB_LOGIN>/followers\",\"following_url\":\"https://api.github.com/users/<GITHUB_LOGIN>/following{/other_user}\",\"gists_url\":\"https://api.github.com/users/<GITHUB_LOGIN>/gists{/gist_id}\",\"starred_url\":\"https://api.github.com/users/<GITHUB_LOGIN>/starred{/owner}{/repo}\",\"subscriptions_url\":\"https://api.github.com/users/<GITHUB_LOGIN>/subscriptions\",\"organizations_url\":\"https://api.github.com/users/<GITHUB_LOGIN>/orgs\",\"repos_url\":\"https://api.github.com/users/<GITHUB_LOGIN>/repos\",\"events_url\":\"https://api.github.com/users/<GITHUB_LOGIN>/events{/privacy}\",\"received_events_url\":\"https://api.github.com/users/<GITHUB_LOGIN>/received_events\",\"type\":\"User\"},\"comments_url\":\"https://api.github.com/gists/5421867/comments\"},{\"url\":\"https://api.github.com/gists/5421852\",\"forks_url\":\"https://api.github.com/gists/5421852/forks\",\"commits_url\":\"https://api.github.com/gists/5421852/commits\",\"id\":\"5421852\",\"git_pull_url\":\"https://gist.github.com/5421852.git\",\"git_push_url\":\"https://gist.github.com/5421852.git\",\"html_url\":\"https://gist.github.com/5421852\",\"files\":{\"DQ-GL_Detail_Custom.sql\":{\"filename\":\"DQ-GL_Detail_Custom.sql\",\"type\":\"text/plain\",\"language\":\"SQL\",\"raw_url\":\"https://gist.github.com/raw/5421852/e883fc74702be9aff358325d5f5fa2b2e71225b9/DQ-GL_Detail_Custom.sql\",\"size\":1100}},\"public\":true,\"created_at\":\"2013-04-19T17:31:20Z\",\"updated_at\":\"2013-04-19T17:31:20Z\",\"description\":\"GL_Detail_Custom Data source for Document Designer\",\"comments\":0,\"user\":{\"login\":\"<GITHUB_LOGIN>\",\"id\":3513548,\"avatar_url\":\"https://secure.gravatar.com/avatar/becfacf16d1c453662cc46abf5b6f0f9?d=https://a248.e.akamai.net/assets.github.com%2Fimages%2Fgravatars%2Fgravatar-user-420.png\",\"gravatar_id\":\"becfacf16d1c453662cc46abf5b6f0f9\",\"url\":\"https://api.github.com/users/<GITHUB_LOGIN>\",\"html_url\":\"https://github.com/<GITHUB_LOGIN>\",\"followers_url\":\"https://api.github.com/users/<GITHUB_LOGIN>/followers\",\"following_url\":\"https://api.github.com/users/<GITHUB_LOGIN>/following{/other_user}\",\"gists_url\":\"https://api.github.com/users/<GITHUB_LOGIN>/gists{/gist_id}\",\"starred_url\":\"https://api.github.com/users/<GITHUB_LOGIN>/starred{/owner}{/repo}\",\"subscriptions_url\":\"https://api.github.com/users/<GITHUB_LOGIN>/subscriptions\",\"organizations_url\":\"https://api.github.com/users/<GITHUB_LOGIN>/orgs\",\"repos_url\":\"https://api.github.com/users/<GITHUB_LOGIN>/repos\",\"events_url\":\"https://api.github.com/users/<GITHUB_LOGIN>/events{/privacy}\",\"received_events_url\":\"https://api.github.com/users/<GITHUB_LOGIN>/received_events\",\"type\":\"User\"},\"comments_url\":\"https://api.github.com/gists/5421852/comments\"},{\"url\":\"https://api.github.com/gists/5421608\",\"forks_url\":\"https://api.github.com/gists/5421608/forks\",\"commits_url\":\"https://api.github.com/gists/5421608/commits\",\"id\":\"5421608\",\"git_pull_url\":\"https://gist.github.com/5421608.git\",\"git_push_url\":\"https://gist.github.com/5421608.git\",\"html_url\":\"https://gist.github.com/5421608\",\"files\":{\"lipsum_helper.php\":{\"filename\":\"lipsum_helper.php\",\"type\":\"application/httpd-php\",\"language\":\"PHP\",\"raw_url\":\"https://gist.github.com/raw/5421608/fa8c2445dd9a3969d2d9888cff7a412508ef330d/lipsum_helper.php\",\"size\":938}},\"public\":true,\"created_at\":\"2013-04-19T16:51:09Z\",\"updated_at\":\"2013-04-19T16:51:09Z\",\"description\":\"Lightweight lipsum generator\",\"comments\":0,\"user\":{\"login\":\"<GITHUB_LOGIN>\",\"id\":3513548,\"avatar_url\":\"https://secure.gravatar.com/avatar/becfacf16d1c453662cc46abf5b6f0f9?d=https://a248.e.akamai.net/assets.github.com%2Fimages%2Fgravatars%2Fgravatar-user-420.png\",\"gravatar_id\":\"becfacf16d1c453662cc46abf5b6f0f9\",\"url\":\"https://api.github.com/users/<GITHUB_LOGIN>\",\"html_url\":\"https://github.com/<GITHUB_LOGIN>\",\"followers_url\":\"https://api.github.com/users/<GITHUB_LOGIN>/followers\",\"following_url\":\"https://api.github.com/users/<GITHUB_LOGIN>/following{/other_user}\",\"gists_url\":\"https://api.github.com/users/<GITHUB_LOGIN>/gists{/gist_id}\",\"starred_url\":\"https://api.github.com/users/<GITHUB_LOGIN>/starred{/owner}{/repo}\",\"subscriptions_url\":\"https://api.github.com/users/<GITHUB_LOGIN>/subscriptions\",\"organizations_url\":\"https://api.github.com/users/<GITHUB_LOGIN>/orgs\",\"repos_url\":\"https://api.github.com/users/<GITHUB_LOGIN>/repos\",\"events_url\":\"https://api.github.com/users/<GITHUB_LOGIN>/events{/privacy}\",\"received_events_url\":\"https://api.github.com/users/<GITHUB_LOGIN>/received_events\",\"type\":\"User\"},\"comments_url\":\"https://api.github.com/gists/5421608/comments\"},{\"url\":\"https://api.github.com/gists/5421307\",\"forks_url\":\"https://api.github.com/gists/5421307/forks\",\"commits_url\":\"https://api.github.com/gists/5421307/commits\",\"id\":\"5421307\",\"git_pull_url\":\"https://gist.github.com/5421307.git\",\"git_push_url\":\"https://gist.github.com/5421307.git\",\"html_url\":\"https://gist.github.com/5421307\",\"files\":{\"zen.text\":{\"filename\":\"zen.text\",\"type\":\"text/plain\",\"language\":null,\"raw_url\":\"https://gist.github.com/raw/5421307/fde0619cfe8ece129304af54eed78bf866287178/zen.text\",\"size\":26}},\"public\":true,\"created_at\":\"2013-04-19T16:00:46Z\",\"updated_at\":\"2013-05-10T15:28:44Z\",\"description\":\"GitHub Zen\",\"comments\":4,\"user\":{\"login\":\"<GITHUB_LOGIN>\",\"id\":3513548,\"avatar_url\":\"https://secure.gravatar.com/avatar/becfacf16d1c453662cc46abf5b6f0f9?d=https://a248.e.akamai.net/assets.github.com%2Fimages%2Fgravatars%2Fgravatar-user-420.png\",\"gravatar_id\":\"becfacf16d1c453662cc46abf5b6f0f9\",\"url\":\"https://api.github.com/users/<GITHUB_LOGIN>\",\"html_url\":\"https://github.com/<GITHUB_LOGIN>\",\"followers_url\":\"https://api.github.com/users/<GITHUB_LOGIN>/followers\",\"following_url\":\"https://api.github.com/users/<GITHUB_LOGIN>/following{/other_user}\",\"gists_url\":\"https://api.github.com/users/<GITHUB_LOGIN>/gists{/gist_id}\",\"starred_url\":\"https://api.github.com/users/<GITHUB_LOGIN>/starred{/owner}{/repo}\",\"subscriptions_url\":\"https://api.github.com/users/<GITHUB_LOGIN>/subscriptions\",\"organizations_url\":\"https://api.github.com/users/<GITHUB_LOGIN>/orgs\",\"repos_url\":\"https://api.github.com/users/<GITHUB_LOGIN>/repos\",\"events_url\":\"https://api.github.com/users/<GITHUB_LOGIN>/events{/privacy}\",\"received_events_url\":\"https://api.github.com/users/<GITHUB_LOGIN>/received_events\",\"type\":\"User\"},\"comments_url\":\"https://api.github.com/gists/5421307/comments\"},{\"url\":\"https://api.github.com/gists/5420776\",\"forks_url\":\"https://api.github.com/gists/5420776/forks\",\"commits_url\":\"https://api.github.com/gists/5420776/commits\",\"id\":\"5420776\",\"git_pull_url\":\"https://gist.github.com/5420776.git\",\"git_push_url\":\"https://gist.github.com/5420776.git\",\"html_url\":\"https://gist.github.com/5420776\",\"files\":{\"gistfile1.txt\":{\"filename\":\"gistfile1.txt\",\"type\":\"text/plain\",\"language\":null,\"raw_url\":\"https://gist.github.com/raw/5420776/34609f8b9275b589b82a94d82ee456d2d065d4f4/gistfile1.txt\",\"size\":1622}},\"public\":true,\"created_at\":\"2013-04-19T14:40:16Z\",\"updated_at\":\"2013-04-19T14:40:17Z\",\"description\":\"Hello world\",\"comments\":0,\"user\":{\"login\":\"<GITHUB_LOGIN>\",\"id\":3513548,\"avatar_url\":\"https://secure.gravatar.com/avatar/becfacf16d1c453662cc46abf5b6f0f9?d=https://a248.e.akamai.net/assets.github.com%2Fimages%2Fgravatars%2Fgravatar-user-420.png\",\"gravatar_id\":\"becfacf16d1c453662cc46abf5b6f0f9\",\"url\":\"https://api.github.com/users/<GITHUB_LOGIN>\",\"html_url\":\"https://github.com/<GITHUB_LOGIN>\",\"followers_url\":\"https://api.github.com/users/<GITHUB_LOGIN>/followers\",\"following_url\":\"https://api.github.com/users/<GITHUB_LOGIN>/following{/other_user}\",\"gists_url\":\"https://api.github.com/users/<GITHUB_LOGIN>/gists{/gist_id}\",\"starred_url\":\"https://api.github.com/users/<GITHUB_LOGIN>/starred{/owner}{/repo}\",\"subscriptions_url\":\"https://api.github.com/users/<GITHUB_LOGIN>/subscriptions\",\"organizations_url\":\"https://api.github.com/users/<GITHUB_LOGIN>/orgs\",\"repos_url\":\"https://api.github.com/users/<GITHUB_LOGIN>/repos\",\"events_url\":\"https://api.github.com/users/<GITHUB_LOGIN>/events{/privacy}\",\"received_events_url\":\"https://api.github.com/users/<GITHUB_LOGIN>/received_events\",\"type\":\"User\"},\"comments_url\":\"https://api.github.com/gists/5420776/comments\"}]"
    http_version: 
  recorded_at: Fri, 10 May 2013 15:28:44 GMT
- request: 
    method: get
    uri: https://<GITHUB_LOGIN>:<GITHUB_PASSWORD>@api.github.com/gists/starred
    body: 
      encoding: US-ASCII
      string: ""
    headers: 
      Accept: 
      - application/vnd.github.beta+json
      User-Agent: 
      - Octokit Ruby Gem 2.0.0.pre
      Accept-Encoding: 
      - gzip;q=1.0,deflate;q=0.6,identity;q=0.3
  response: 
    status: 
      code: 200
      message: OK
    headers: 
      Server: 
      - GitHub.com
      Date: 
      - Fri, 10 May 2013 15:28:45 GMT
      Content-Type: 
      - application/json; charset=utf-8
      Transfer-Encoding: 
      - chunked
      Connection: 
      - keep-alive
      Status: 
      - 200 OK
      X-Ratelimit-Limit: 
      - "5000"
      X-Ratelimit-Remaining: 
      - "4940"
      Vary: 
      - Accept, Authorization, Cookie
      - Accept-Encoding
      Cache-Control: 
      - private, max-age=60, s-maxage=60
      Last-Modified: 
      - Fri, 10 May 2013 15:28:44 GMT
      Etag: 
      - "\"8a0c9b3287e99d7a0accfc09f8997310\""
      X-Github-Media-Type: 
      - github.beta; format=json
      X-Content-Type-Options: 
      - nosniff
      Access-Control-Allow-Credentials: 
      - "true"
      Access-Control-Expose-Headers: 
      - Link, X-RateLimit-Limit, X-RateLimit-Remaining, X-OAuth-Scopes, X-Accepted-OAuth-Scopes
      Access-Control-Allow-Origin: 
      - "*"
    body: 
      encoding: ASCII-8BIT
      string: "[{\"url\":\"https://api.github.com/gists/5421307\",\"forks_url\":\"https://api.github.com/gists/5421307/forks\",\"commits_url\":\"https://api.github.com/gists/5421307/commits\",\"id\":\"5421307\",\"git_pull_url\":\"https://gist.github.com/5421307.git\",\"git_push_url\":\"https://gist.github.com/5421307.git\",\"html_url\":\"https://gist.github.com/5421307\",\"files\":{\"zen.text\":{\"filename\":\"zen.text\",\"type\":\"text/plain\",\"language\":null,\"raw_url\":\"https://gist.github.com/raw/5421307/fde0619cfe8ece129304af54eed78bf866287178/zen.text\",\"size\":26}},\"public\":true,\"created_at\":\"2013-04-19T16:00:46Z\",\"updated_at\":\"2013-05-10T15:28:44Z\",\"description\":\"GitHub Zen\",\"comments\":4,\"user\":{\"login\":\"<GITHUB_LOGIN>\",\"id\":3513548,\"avatar_url\":\"https://secure.gravatar.com/avatar/becfacf16d1c453662cc46abf5b6f0f9?d=https://a248.e.akamai.net/assets.github.com%2Fimages%2Fgravatars%2Fgravatar-user-420.png\",\"gravatar_id\":\"becfacf16d1c453662cc46abf5b6f0f9\",\"url\":\"https://api.github.com/users/<GITHUB_LOGIN>\",\"html_url\":\"https://github.com/<GITHUB_LOGIN>\",\"followers_url\":\"https://api.github.com/users/<GITHUB_LOGIN>/followers\",\"following_url\":\"https://api.github.com/users/<GITHUB_LOGIN>/following{/other_user}\",\"gists_url\":\"https://api.github.com/users/<GITHUB_LOGIN>/gists{/gist_id}\",\"starred_url\":\"https://api.github.com/users/<GITHUB_LOGIN>/starred{/owner}{/repo}\",\"subscriptions_url\":\"https://api.github.com/users/<GITHUB_LOGIN>/subscriptions\",\"organizations_url\":\"https://api.github.com/users/<GITHUB_LOGIN>/orgs\",\"repos_url\":\"https://api.github.com/users/<GITHUB_LOGIN>/repos\",\"events_url\":\"https://api.github.com/users/<GITHUB_LOGIN>/events{/privacy}\",\"received_events_url\":\"https://api.github.com/users/<GITHUB_LOGIN>/received_events\",\"type\":\"User\"},\"comments_url\":\"https://api.github.com/gists/5421307/comments\"}]"
    http_version: 
  recorded_at: Fri, 10 May 2013 15:28:45 GMT
- request: 
    method: patch
    uri: https://<GITHUB_LOGIN>:<GITHUB_PASSWORD>@api.github.com/gists/5555170
    body: 
      encoding: UTF-8
      string: "{\"description\":\"GitHub Zen\"}"
    headers: 
      Accept: 
      - application/vnd.github.beta+json
      User-Agent: 
      - Octokit Ruby Gem 2.0.0.pre
  response: 
    status: 
      code: 200
      message: OK
    headers: 
      Server: 
      - GitHub.com
      Date: 
      - Fri, 10 May 2013 15:28:45 GMT
      Content-Type: 
      - application/json; charset=utf-8
      Connection: 
      - keep-alive
      Status: 
      - 200 OK
      X-Ratelimit-Limit: 
      - "5000"
      X-Ratelimit-Remaining: 
      - "4939"
      X-Github-Media-Type: 
      - github.beta; format=json
      X-Content-Type-Options: 
      - nosniff
      Content-Length: 
      - "3077"
      Access-Control-Allow-Credentials: 
      - "true"
      Access-Control-Expose-Headers: 
      - Link, X-RateLimit-Limit, X-RateLimit-Remaining, X-OAuth-Scopes, X-Accepted-OAuth-Scopes
      Access-Control-Allow-Origin: 
      - "*"
      Etag: 
      - "\"c3bcc0b5dd54dff5a7fef2fb88c68461\""
      Cache-Control: 
      - max-age=0, private, must-revalidate
      Vary: 
      - Accept-Encoding
    body: 
      encoding: US-ASCII
      string: "{\"url\":\"https://api.github.com/gists/5555170\",\"forks_url\":\"https://api.github.com/gists/5555170/forks\",\"commits_url\":\"https://api.github.com/gists/5555170/commits\",\"id\":\"5555170\",\"git_pull_url\":\"https://gist.github.com/5555170.git\",\"git_push_url\":\"https://gist.github.com/5555170.git\",\"html_url\":\"https://gist.github.com/5555170\",\"files\":{\"zen.text\":{\"filename\":\"zen.text\",\"type\":\"text/plain\",\"language\":null,\"raw_url\":\"https://gist.github.com/raw/5555170/fde0619cfe8ece129304af54eed78bf866287178/zen.text\",\"size\":26,\"content\":\"Keep it logically awesome.\"}},\"public\":true,\"created_at\":\"2013-05-10T15:28:43Z\",\"updated_at\":\"2013-05-10T15:28:45Z\",\"description\":\"GitHub Zen\",\"comments\":0,\"user\":{\"login\":\"<GITHUB_LOGIN>\",\"id\":3513548,\"avatar_url\":\"https://secure.gravatar.com/avatar/becfacf16d1c453662cc46abf5b6f0f9?d=https://a248.e.akamai.net/assets.github.com%2Fimages%2Fgravatars%2Fgravatar-user-420.png\",\"gravatar_id\":\"becfacf16d1c453662cc46abf5b6f0f9\",\"url\":\"https://api.github.com/users/<GITHUB_LOGIN>\",\"html_url\":\"https://github.com/<GITHUB_LOGIN>\",\"followers_url\":\"https://api.github.com/users/<GITHUB_LOGIN>/followers\",\"following_url\":\"https://api.github.com/users/<GITHUB_LOGIN>/following{/other_user}\",\"gists_url\":\"https://api.github.com/users/<GITHUB_LOGIN>/gists{/gist_id}\",\"starred_url\":\"https://api.github.com/users/<GITHUB_LOGIN>/starred{/owner}{/repo}\",\"subscriptions_url\":\"https://api.github.com/users/<GITHUB_LOGIN>/subscriptions\",\"organizations_url\":\"https://api.github.com/users/<GITHUB_LOGIN>/orgs\",\"repos_url\":\"https://api.github.com/users/<GITHUB_LOGIN>/repos\",\"events_url\":\"https://api.github.com/users/<GITHUB_LOGIN>/events{/privacy}\",\"received_events_url\":\"https://api.github.com/users/<GITHUB_LOGIN>/received_events\",\"type\":\"User\"},\"comments_url\":\"https://api.github.com/gists/5555170/comments\",\"forks\":[],\"history\":[{\"user\":{\"login\":\"<GITHUB_LOGIN>\",\"id\":3513548,\"avatar_url\":\"https://secure.gravatar.com/avatar/becfacf16d1c453662cc46abf5b6f0f9?d=https://a248.e.akamai.net/assets.github.com%2Fimages%2Fgravatars%2Fgravatar-user-420.png\",\"gravatar_id\":\"becfacf16d1c453662cc46abf5b6f0f9\",\"url\":\"https://api.github.com/users/<GITHUB_LOGIN>\",\"html_url\":\"https://github.com/<GITHUB_LOGIN>\",\"followers_url\":\"https://api.github.com/users/<GITHUB_LOGIN>/followers\",\"following_url\":\"https://api.github.com/users/<GITHUB_LOGIN>/following{/other_user}\",\"gists_url\":\"https://api.github.com/users/<GITHUB_LOGIN>/gists{/gist_id}\",\"starred_url\":\"https://api.github.com/users/<GITHUB_LOGIN>/starred{/owner}{/repo}\",\"subscriptions_url\":\"https://api.github.com/users/<GITHUB_LOGIN>/subscriptions\",\"organizations_url\":\"https://api.github.com/users/<GITHUB_LOGIN>/orgs\",\"repos_url\":\"https://api.github.com/users/<GITHUB_LOGIN>/repos\",\"events_url\":\"https://api.github.com/users/<GITHUB_LOGIN>/events{/privacy}\",\"received_events_url\":\"https://api.github.com/users/<GITHUB_LOGIN>/received_events\",\"type\":\"User\"},\"version\":\"e3a0f21b407486967910f0500329ede5aa993957\",\"committed_at\":\"2013-05-10T15:28:43Z\",\"change_status\":{\"total\":1,\"additions\":1,\"deletions\":0},\"url\":\"https://api.github.com/gists/5555170/e3a0f21b407486967910f0500329ede5aa993957\"}]}"
    http_version: 
  recorded_at: Fri, 10 May 2013 15:28:45 GMT
- request: 
    method: put
    uri: https://<GITHUB_LOGIN>:<GITHUB_PASSWORD>@api.github.com/gists/5555170/star
    body: 
      encoding: UTF-8
      string: "{}"
    headers: 
      Accept: 
      - application/vnd.github.beta+json
      User-Agent: 
      - Octokit Ruby Gem 2.0.0.pre
  response: 
    status: 
      code: 204
      message: No Content
    headers: 
      Server: 
      - GitHub.com
      Date: 
      - Fri, 10 May 2013 15:28:46 GMT
      Connection: 
      - keep-alive
      Status: 
      - 204 No Content
      X-Ratelimit-Limit: 
      - "5000"
      X-Ratelimit-Remaining: 
      - "4938"
      X-Github-Media-Type: 
      - github.beta; format=json
      X-Content-Type-Options: 
      - nosniff
      Access-Control-Allow-Credentials: 
      - "true"
      Access-Control-Expose-Headers: 
      - Link, X-RateLimit-Limit, X-RateLimit-Remaining, X-OAuth-Scopes, X-Accepted-OAuth-Scopes
      Access-Control-Allow-Origin: 
      - "*"
      Vary: 
      - Accept-Encoding
    body: 
      encoding: US-ASCII
      string: ""
    http_version: 
  recorded_at: Fri, 10 May 2013 15:28:46 GMT
- request: 
    method: delete
    uri: https://<GITHUB_LOGIN>:<GITHUB_PASSWORD>@api.github.com/gists/5555170/star
    body: 
      encoding: UTF-8
      string: "{}"
    headers: 
      Accept: 
      - application/vnd.github.beta+json
      User-Agent: 
      - Octokit Ruby Gem 2.0.0.pre
  response: 
    status: 
      code: 204
      message: No Content
    headers: 
      Server: 
      - GitHub.com
      Date: 
      - Fri, 10 May 2013 15:28:47 GMT
      Connection: 
      - keep-alive
      Status: 
      - 204 No Content
      X-Ratelimit-Limit: 
      - "5000"
      X-Ratelimit-Remaining: 
      - "4937"
      X-Github-Media-Type: 
      - github.beta; format=json
      X-Content-Type-Options: 
      - nosniff
      Access-Control-Allow-Credentials: 
      - "true"
      Access-Control-Expose-Headers: 
      - Link, X-RateLimit-Limit, X-RateLimit-Remaining, X-OAuth-Scopes, X-Accepted-OAuth-Scopes
      Access-Control-Allow-Origin: 
      - "*"
      Vary: 
      - Accept-Encoding
    body: 
      encoding: US-ASCII
      string: ""
    http_version: 
  recorded_at: Fri, 10 May 2013 15:28:47 GMT
- request: 
    method: get
    uri: https://<GITHUB_LOGIN>:<GITHUB_PASSWORD>@api.github.com/gists/5421307/star
    body: 
      encoding: US-ASCII
      string: ""
    headers: 
      Accept: 
      - application/vnd.github.beta+json
      User-Agent: 
      - Octokit Ruby Gem 2.0.0.pre
      Accept-Encoding: 
      - gzip;q=1.0,deflate;q=0.6,identity;q=0.3
  response: 
    status: 
      code: 204
      message: No Content
    headers: 
      Server: 
      - GitHub.com
      Date: 
      - Fri, 10 May 2013 15:28:47 GMT
      Connection: 
      - keep-alive
      Status: 
      - 204 No Content
      X-Ratelimit-Limit: 
      - "5000"
      X-Ratelimit-Remaining: 
      - "4936"
      Vary: 
      - Accept, Authorization, Cookie
      - Accept-Encoding
      Cache-Control: 
      - private, max-age=60, s-maxage=60
      Last-Modified: 
      - Fri, 10 May 2013 15:28:44 GMT
      Etag: 
      - "\"8a0c9b3287e99d7a0accfc09f8997310\""
      X-Github-Media-Type: 
      - github.beta; format=json
      X-Content-Type-Options: 
      - nosniff
      Access-Control-Allow-Credentials: 
      - "true"
      Access-Control-Expose-Headers: 
      - Link, X-RateLimit-Limit, X-RateLimit-Remaining, X-OAuth-Scopes, X-Accepted-OAuth-Scopes
      Access-Control-Allow-Origin: 
      - "*"
    body: 
      encoding: US-ASCII
      string: ""
    http_version: 
  recorded_at: Fri, 10 May 2013 15:28:47 GMT
- request: 
    method: get
    uri: https://<GITHUB_LOGIN>:<GITHUB_PASSWORD>@api.github.com/gists/5421308/star
    body: 
      encoding: US-ASCII
      string: ""
    headers: 
      Accept: 
      - application/vnd.github.beta+json
      User-Agent: 
      - Octokit Ruby Gem 2.0.0.pre
      Accept-Encoding: 
      - gzip;q=1.0,deflate;q=0.6,identity;q=0.3
  response: 
    status: 
      code: 404
      message: Not Found
    headers: 
      Server: 
      - GitHub.com
      Date: 
      - Fri, 10 May 2013 15:28:47 GMT
      Content-Type: 
      - application/json; charset=utf-8
      Connection: 
      - keep-alive
      Status: 
      - 404 Not Found
      X-Ratelimit-Limit: 
      - "5000"
      X-Ratelimit-Remaining: 
      - "4935"
      X-Github-Media-Type: 
      - github.beta; format=json
      X-Content-Type-Options: 
      - nosniff
      Content-Length: 
      - "2"
      Access-Control-Allow-Credentials: 
      - "true"
      Access-Control-Expose-Headers: 
      - Link, X-RateLimit-Limit, X-RateLimit-Remaining, X-OAuth-Scopes, X-Accepted-OAuth-Scopes
      Access-Control-Allow-Origin: 
      - "*"
    body: 
      encoding: US-ASCII
      string: "{}"
    http_version: 
  recorded_at: Fri, 10 May 2013 15:28:48 GMT
- request: 
    method: get
    uri: https://api.github.com/users/pengwynn/gists
    body: 
      encoding: US-ASCII
      string: ""
    headers: 
      Accept: 
      - application/vnd.github.beta+json
      User-Agent: 
      - Octokit Ruby Gem 2.0.0.pre
      Accept-Encoding: 
      - gzip;q=1.0,deflate;q=0.6,identity;q=0.3
  response: 
    status: 
      code: 200
      message: OK
    headers: 
      Server: 
      - GitHub.com
      Date: 
      - Fri, 10 May 2013 15:28:49 GMT
      Content-Type: 
      - application/json; charset=utf-8
      Transfer-Encoding: 
      - chunked
      Connection: 
      - keep-alive
      Status: 
      - 200 OK
      X-Ratelimit-Limit: 
      - "60"
      X-Ratelimit-Remaining: 
      - "5"
      Vary: 
      - Accept
      - Accept-Encoding
      Cache-Control: 
      - public, max-age=60, s-maxage=60
      Last-Modified: 
      - Fri, 10 May 2013 15:10:11 GMT
      Etag: 
      - "\"d6b7f88118ee6e8738cca6ef02bdf63c\""
      X-Github-Media-Type: 
      - github.beta; format=json
      Link: 
      - <https://api.github.com/user/865/gists?page=2>; rel="next", <https://api.github.com/user/865/gists?page=3>; rel="last"
      X-Content-Type-Options: 
      - nosniff
      Access-Control-Allow-Credentials: 
      - "true"
      Access-Control-Expose-Headers: 
      - Link, X-RateLimit-Limit, X-RateLimit-Remaining, X-OAuth-Scopes, X-Accepted-OAuth-Scopes
      Access-Control-Allow-Origin: 
      - "*"
    body: 
      encoding: ASCII-8BIT
      string: "[{\"url\":\"https://api.github.com/gists/5506606\",\"forks_url\":\"https://api.github.com/gists/5506606/forks\",\"commits_url\":\"https://api.github.com/gists/5506606/commits\",\"id\":\"5506606\",\"git_pull_url\":\"https://gist.github.com/5506606.git\",\"git_push_url\":\"https://gist.github.com/5506606.git\",\"html_url\":\"https://gist.github.com/5506606\",\"files\":{\"curl-ua.shell\":{\"filename\":\"curl-ua.shell\",\"type\":\"text/plain\",\"language\":null,\"raw_url\":\"https://gist.github.com/raw/5506606/dc881e99f27cc15cc2b844c55d010add88c1c34f/curl-ua.shell\",\"size\":3227}},\"public\":true,\"created_at\":\"2013-05-03T01:15:39Z\",\"updated_at\":\"2013-05-03T01:15:40Z\",\"description\":\"Pass a User-Agent header with curl\",\"comments\":0,\"user\":{\"login\":\"pengwynn\",\"id\":865,\"avatar_url\":\"https://secure.gravatar.com/avatar/7e19cd5486b5d6dc1ef90e671ba52ae0?d=https://a248.e.akamai.net/assets.github.com%2Fimages%2Fgravatars%2Fgravatar-user-420.png\",\"gravatar_id\":\"7e19cd5486b5d6dc1ef90e671ba52ae0\",\"url\":\"https://api.github.com/users/pengwynn\",\"html_url\":\"https://github.com/pengwynn\",\"followers_url\":\"https://api.github.com/users/pengwynn/followers\",\"following_url\":\"https://api.github.com/users/pengwynn/following{/other_user}\",\"gists_url\":\"https://api.github.com/users/pengwynn/gists{/gist_id}\",\"starred_url\":\"https://api.github.com/users/pengwynn/starred{/owner}{/repo}\",\"subscriptions_url\":\"https://api.github.com/users/pengwynn/subscriptions\",\"organizations_url\":\"https://api.github.com/users/pengwynn/orgs\",\"repos_url\":\"https://api.github.com/users/pengwynn/repos\",\"events_url\":\"https://api.github.com/users/pengwynn/events{/privacy}\",\"received_events_url\":\"https://api.github.com/users/pengwynn/received_events\",\"type\":\"User\"},\"comments_url\":\"https://api.github.com/gists/5506606/comments\"},{\"url\":\"https://api.github.com/gists/5222339\",\"forks_url\":\"https://api.github.com/gists/5222339/forks\",\"commits_url\":\"https://api.github.com/gists/5222339/commits\",\"id\":\"5222339\",\"git_pull_url\":\"https://gist.github.com/5222339.git\",\"git_push_url\":\"https://gist.github.com/5222339.git\",\"html_url\":\"https://gist.github.com/5222339\",\"files\":{\"readme.md\":{\"filename\":\"readme.md\",\"type\":\"text/plain\",\"language\":\"Markdown\",\"raw_url\":\"https://gist.github.com/raw/5222339/bef7d61a7820af7702dda04472843384b9c84bb5/readme.md\",\"size\":1460},\"tmux-vim-select-pane\":{\"filename\":\"tmux-vim-select-pane\",\"type\":\"text/plain\",\"language\":null,\"raw_url\":\"https://gist.github.com/raw/5222339/e6924acc38035d60ebbc67ff6fec81bd92c94ca3/tmux-vim-select-pane\",\"size\":653},\"tmux.conf\":{\"filename\":\"tmux.conf\",\"type\":\"text/plain\",\"language\":null,\"raw_url\":\"https://gist.github.com/raw/5222339/af4e0451e73df1205873045a92a24ae993231cb0/tmux.conf\",\"size\":295},\"vimrc\":{\"filename\":\"vimrc\",\"type\":\"text/plain\",\"language\":\"VimL\",\"raw_url\":\"https://gist.github.com/raw/5222339/aad144e9f604c9c0dbf1d2ac61bddfd5e5678c34/vimrc\",\"size\":1067}},\"public\":true,\"created_at\":\"2013-03-22T15:48:42Z\",\"updated_at\":\"2013-03-22T15:49:13Z\",\"description\":\"\",\"comments\":0,\"user\":{\"login\":\"pengwynn\",\"id\":865,\"avatar_url\":\"https://secure.gravatar.com/avatar/7e19cd5486b5d6dc1ef90e671ba52ae0?d=https://a248.e.akamai.net/assets.github.com%2Fimages%2Fgravatars%2Fgravatar-user-420.png\",\"gravatar_id\":\"7e19cd5486b5d6dc1ef90e671ba52ae0\",\"url\":\"https://api.github.com/users/pengwynn\",\"html_url\":\"https://github.com/pengwynn\",\"followers_url\":\"https://api.github.com/users/pengwynn/followers\",\"following_url\":\"https://api.github.com/users/pengwynn/following{/other_user}\",\"gists_url\":\"https://api.github.com/users/pengwynn/gists{/gist_id}\",\"starred_url\":\"https://api.github.com/users/pengwynn/starred{/owner}{/repo}\",\"subscriptions_url\":\"https://api.github.com/users/pengwynn/subscriptions\",\"organizations_url\":\"https://api.github.com/users/pengwynn/orgs\",\"repos_url\":\"https://api.github.com/users/pengwynn/repos\",\"events_url\":\"https://api.github.com/users/pengwynn/events{/privacy}\",\"received_events_url\":\"https://api.github.com/users/pengwynn/received_events\",\"type\":\"User\"},\"comments_url\":\"https://api.github.com/gists/5222339/comments\"},{\"url\":\"https://api.github.com/gists/5206842\",\"forks_url\":\"https://api.github.com/gists/5206842/forks\",\"commits_url\":\"https://api.github.com/gists/5206842/commits\",\"id\":\"5206842\",\"git_pull_url\":\"https://gist.github.com/5206842.git\",\"git_push_url\":\"https://gist.github.com/5206842.git\",\"html_url\":\"https://gist.github.com/5206842\",\"files\":{\".gitignore\":{\"filename\":\".gitignore\",\"type\":\"text/plain\",\"language\":null,\"raw_url\":\"https://gist.github.com/raw/5206842/fefcce7c56957290e15b6bd830f926b6798d49ad/.gitignore\",\"size\":28065}},\"public\":true,\"created_at\":\"2013-03-20T17:50:10Z\",\"updated_at\":\"2013-03-21T13:24:39Z\",\"description\":\".gitignore all the things\",\"comments\":4,\"user\":{\"login\":\"pengwynn\",\"id\":865,\"avatar_url\":\"https://secure.gravatar.com/avatar/7e19cd5486b5d6dc1ef90e671ba52ae0?d=https://a248.e.akamai.net/assets.github.com%2Fimages%2Fgravatars%2Fgravatar-user-420.png\",\"gravatar_id\":\"7e19cd5486b5d6dc1ef90e671ba52ae0\",\"url\":\"https://api.github.com/users/pengwynn\",\"html_url\":\"https://github.com/pengwynn\",\"followers_url\":\"https://api.github.com/users/pengwynn/followers\",\"following_url\":\"https://api.github.com/users/pengwynn/following{/other_user}\",\"gists_url\":\"https://api.github.com/users/pengwynn/gists{/gist_id}\",\"starred_url\":\"https://api.github.com/users/pengwynn/starred{/owner}{/repo}\",\"subscriptions_url\":\"https://api.github.com/users/pengwynn/subscriptions\",\"organizations_url\":\"https://api.github.com/users/pengwynn/orgs\",\"repos_url\":\"https://api.github.com/users/pengwynn/repos\",\"events_url\":\"https://api.github.com/users/pengwynn/events{/privacy}\",\"received_events_url\":\"https://api.github.com/users/pengwynn/received_events\",\"type\":\"User\"},\"comments_url\":\"https://api.github.com/gists/5206842/comments\"},{\"url\":\"https://api.github.com/gists/5192056\",\"forks_url\":\"https://api.github.com/gists/5192056/forks\",\"commits_url\":\"https://api.github.com/gists/5192056/commits\",\"id\":\"5192056\",\"git_pull_url\":\"https://gist.github.com/5192056.git\",\"git_push_url\":\"https://gist.github.com/5192056.git\",\"html_url\":\"https://gist.github.com/5192056\",\"files\":{\"joke.sh\":{\"filename\":\"joke.sh\",\"type\":\"application/sh\",\"language\":\"Shell\",\"raw_url\":\"https://gist.github.com/raw/5192056/56fb4663f45c0fff615f783d85cac3676469f8ea/joke.sh\",\"size\":121}},\"public\":true,\"created_at\":\"2013-03-18T23:41:46Z\",\"updated_at\":\"2013-03-19T02:57:21Z\",\"description\":\"Intro to CLI for 2nd grader.\",\"comments\":2,\"user\":{\"login\":\"pengwynn\",\"id\":865,\"avatar_url\":\"https://secure.gravatar.com/avatar/7e19cd5486b5d6dc1ef90e671ba52ae0?d=https://a248.e.akamai.net/assets.github.com%2Fimages%2Fgravatars%2Fgravatar-user-420.png\",\"gravatar_id\":\"7e19cd5486b5d6dc1ef90e671ba52ae0\",\"url\":\"https://api.github.com/users/pengwynn\",\"html_url\":\"https://github.com/pengwynn\",\"followers_url\":\"https://api.github.com/users/pengwynn/followers\",\"following_url\":\"https://api.github.com/users/pengwynn/following{/other_user}\",\"gists_url\":\"https://api.github.com/users/pengwynn/gists{/gist_id}\",\"starred_url\":\"https://api.github.com/users/pengwynn/starred{/owner}{/repo}\",\"subscriptions_url\":\"https://api.github.com/users/pengwynn/subscriptions\",\"organizations_url\":\"https://api.github.com/users/pengwynn/orgs\",\"repos_url\":\"https://api.github.com/users/pengwynn/repos\",\"events_url\":\"https://api.github.com/users/pengwynn/events{/privacy}\",\"received_events_url\":\"https://api.github.com/users/pengwynn/received_events\",\"type\":\"User\"},\"comments_url\":\"https://api.github.com/gists/5192056/comments\"},{\"url\":\"https://api.github.com/gists/4515537\",\"forks_url\":\"https://api.github.com/gists/4515537/forks\",\"commits_url\":\"https://api.github.com/gists/4515537/commits\",\"id\":\"4515537\",\"git_pull_url\":\"https://gist.github.com/4515537.git\",\"git_push_url\":\"https://gist.github.com/4515537.git\",\"html_url\":\"https://gist.github.com/4515537\",\"files\":{\"collabs.sh\":{\"filename\":\"collabs.sh\",\"type\":\"application/sh\",\"language\":\"Shell\",\"raw_url\":\"https://gist.github.com/raw/4515537/66ea3be102f2b2ef5f7966a1d1b0cfa511162162/collabs.sh\",\"size\":250}},\"public\":true,\"created_at\":\"2013-01-12T01:27:21Z\",\"updated_at\":\"2013-01-12T01:27:22Z\",\"description\":\"\",\"comments\":0,\"user\":{\"login\":\"pengwynn\",\"id\":865,\"avatar_url\":\"https://secure.gravatar.com/avatar/7e19cd5486b5d6dc1ef90e671ba52ae0?d=https://a248.e.akamai.net/assets.github.com%2Fimages%2Fgravatars%2Fgravatar-user-420.png\",\"gravatar_id\":\"7e19cd5486b5d6dc1ef90e671ba52ae0\",\"url\":\"https://api.github.com/users/pengwynn\",\"html_url\":\"https://github.com/pengwynn\",\"followers_url\":\"https://api.github.com/users/pengwynn/followers\",\"following_url\":\"https://api.github.com/users/pengwynn/following{/other_user}\",\"gists_url\":\"https://api.github.com/users/pengwynn/gists{/gist_id}\",\"starred_url\":\"https://api.github.com/users/pengwynn/starred{/owner}{/repo}\",\"subscriptions_url\":\"https://api.github.com/users/pengwynn/subscriptions\",\"organizations_url\":\"https://api.github.com/users/pengwynn/orgs\",\"repos_url\":\"https://api.github.com/users/pengwynn/repos\",\"events_url\":\"https://api.github.com/users/pengwynn/events{/privacy}\",\"received_events_url\":\"https://api.github.com/users/pengwynn/received_events\",\"type\":\"User\"},\"comments_url\":\"https://api.github.com/gists/4515537/comments\"},{\"url\":\"https://api.github.com/gists/4435627\",\"forks_url\":\"https://api.github.com/gists/4435627/forks\",\"commits_url\":\"https://api.github.com/gists/4435627/commits\",\"id\":\"4435627\",\"git_pull_url\":\"https://gist.github.com/4435627.git\",\"git_push_url\":\"https://gist.github.com/4435627.git\",\"html_url\":\"https://gist.github.com/4435627\",\"files\":{\"gistfile1.txt\":{\"filename\":\"gistfile1.txt\",\"type\":\"text/plain\",\"language\":null,\"raw_url\":\"https://gist.github.com/raw/4435627/48beb2b2bad5de4c418ea3d5fc1d801bae37c2de/gistfile1.txt\",\"size\":21024}},\"public\":true,\"created_at\":\"2013-01-02T16:06:35Z\",\"updated_at\":\"2013-01-02T16:06:36Z\",\"description\":\"Get README in HTML from API\",\"comments\":0,\"user\":{\"login\":\"pengwynn\",\"id\":865,\"avatar_url\":\"https://secure.gravatar.com/avatar/7e19cd5486b5d6dc1ef90e671ba52ae0?d=https://a248.e.akamai.net/assets.github.com%2Fimages%2Fgravatars%2Fgravatar-user-420.png\",\"gravatar_id\":\"7e19cd5486b5d6dc1ef90e671ba52ae0\",\"url\":\"https://api.github.com/users/pengwynn\",\"html_url\":\"https://github.com/pengwynn\",\"followers_url\":\"https://api.github.com/users/pengwynn/followers\",\"following_url\":\"https://api.github.com/users/pengwynn/following{/other_user}\",\"gists_url\":\"https://api.github.com/users/pengwynn/gists{/gist_id}\",\"starred_url\":\"https://api.github.com/users/pengwynn/starred{/owner}{/repo}\",\"subscriptions_url\":\"https://api.github.com/users/pengwynn/subscriptions\",\"organizations_url\":\"https://api.github.com/users/pengwynn/orgs\",\"repos_url\":\"https://api.github.com/users/pengwynn/repos\",\"events_url\":\"https://api.github.com/users/pengwynn/events{/privacy}\",\"received_events_url\":\"https://api.github.com/users/pengwynn/received_events\",\"type\":\"User\"},\"comments_url\":\"https://api.github.com/gists/4435627/comments\"},{\"url\":\"https://api.github.com/gists/4435605\",\"forks_url\":\"https://api.github.com/gists/4435605/forks\",\"commits_url\":\"https://api.github.com/gists/4435605/commits\",\"id\":\"4435605\",\"git_pull_url\":\"https://gist.github.com/4435605.git\",\"git_push_url\":\"https://gist.github.com/4435605.git\",\"html_url\":\"https://gist.github.com/4435605\",\"files\":{\"gistfile1.sh\":{\"filename\":\"gistfile1.sh\",\"type\":\"application/sh\",\"language\":\"Shell\",\"raw_url\":\"https://gist.github.com/raw/4435605/c0d075702aa8a913b30cf0f125db81c1851468d3/gistfile1.sh\",\"size\":14131}},\"public\":true,\"created_at\":\"2013-01-02T16:04:10Z\",\"updated_at\":\"2013-01-02T16:04:11Z\",\"description\":\"List annotated tags\",\"comments\":0,\"user\":{\"login\":\"pengwynn\",\"id\":865,\"avatar_url\":\"https://secure.gravatar.com/avatar/7e19cd5486b5d6dc1ef90e671ba52ae0?d=https://a248.e.akamai.net/assets.github.com%2Fimages%2Fgravatars%2Fgravatar-user-420.png\",\"gravatar_id\":\"7e19cd5486b5d6dc1ef90e671ba52ae0\",\"url\":\"https://api.github.com/users/pengwynn\",\"html_url\":\"https://github.com/pengwynn\",\"followers_url\":\"https://api.github.com/users/pengwynn/followers\",\"following_url\":\"https://api.github.com/users/pengwynn/following{/other_user}\",\"gists_url\":\"https://api.github.com/users/pengwynn/gists{/gist_id}\",\"starred_url\":\"https://api.github.com/users/pengwynn/starred{/owner}{/repo}\",\"subscriptions_url\":\"https://api.github.com/users/pengwynn/subscriptions\",\"organizations_url\":\"https://api.github.com/users/pengwynn/orgs\",\"repos_url\":\"https://api.github.com/users/pengwynn/repos\",\"events_url\":\"https://api.github.com/users/pengwynn/events{/privacy}\",\"received_events_url\":\"https://api.github.com/users/pengwynn/received_events\",\"type\":\"User\"},\"comments_url\":\"https://api.github.com/gists/4435605/comments\"},{\"url\":\"https://api.github.com/gists/4399391\",\"forks_url\":\"https://api.github.com/gists/4399391/forks\",\"commits_url\":\"https://api.github.com/gists/4399391/commits\",\"id\":\"4399391\",\"git_pull_url\":\"https://gist.github.com/4399391.git\",\"git_push_url\":\"https://gist.github.com/4399391.git\",\"html_url\":\"https://gist.github.com/4399391\",\"files\":{\"tags.sh\":{\"filename\":\"tags.sh\",\"type\":\"application/sh\",\"language\":\"Shell\",\"raw_url\":\"https://gist.github.com/raw/4399391/d0e39f9ea9cb79b2e6ea59b6b8553334374d6469/tags.sh\",\"size\":5803}},\"public\":true,\"created_at\":\"2012-12-28T16:32:20Z\",\"updated_at\":\"2012-12-28T16:32:21Z\",\"description\":\"List tag shas from the API http://developer.github.com/v3/git/refs/#get-all-references\",\"comments\":0,\"user\":{\"login\":\"pengwynn\",\"id\":865,\"avatar_url\":\"https://secure.gravatar.com/avatar/7e19cd5486b5d6dc1ef90e671ba52ae0?d=https://a248.e.akamai.net/assets.github.com%2Fimages%2Fgravatars%2Fgravatar-user-420.png\",\"gravatar_id\":\"7e19cd5486b5d6dc1ef90e671ba52ae0\",\"url\":\"https://api.github.com/users/pengwynn\",\"html_url\":\"https://github.com/pengwynn\",\"followers_url\":\"https://api.github.com/users/pengwynn/followers\",\"following_url\":\"https://api.github.com/users/pengwynn/following{/other_user}\",\"gists_url\":\"https://api.github.com/users/pengwynn/gists{/gist_id}\",\"starred_url\":\"https://api.github.com/users/pengwynn/starred{/owner}{/repo}\",\"subscriptions_url\":\"https://api.github.com/users/pengwynn/subscriptions\",\"organizations_url\":\"https://api.github.com/users/pengwynn/orgs\",\"repos_url\":\"https://api.github.com/users/pengwynn/repos\",\"events_url\":\"https://api.github.com/users/pengwynn/events{/privacy}\",\"received_events_url\":\"https://api.github.com/users/pengwynn/received_events\",\"type\":\"User\"},\"comments_url\":\"https://api.github.com/gists/4399391/comments\"},{\"url\":\"https://api.github.com/gists/4320107\",\"forks_url\":\"https://api.github.com/gists/4320107/forks\",\"commits_url\":\"https://api.github.com/gists/4320107/commits\",\"id\":\"4320107\",\"git_pull_url\":\"https://gist.github.com/4320107.git\",\"git_push_url\":\"https://gist.github.com/4320107.git\",\"html_url\":\"https://gist.github.com/4320107\",\"files\":{\"gistfile1.txt\":{\"filename\":\"gistfile1.txt\",\"type\":\"text/plain\",\"language\":null,\"raw_url\":\"https://gist.github.com/raw/4320107/89eeb18eb6cb3242c051d99fec1ce9c2a79be1a7/gistfile1.txt\",\"size\":668}},\"public\":true,\"created_at\":\"2012-12-17T17:28:32Z\",\"updated_at\":\"2012-12-17T17:28:33Z\",\"description\":\"\",\"comments\":0,\"user\":{\"login\":\"pengwynn\",\"id\":865,\"avatar_url\":\"https://secure.gravatar.com/avatar/7e19cd5486b5d6dc1ef90e671ba52ae0?d=https://a248.e.akamai.net/assets.github.com%2Fimages%2Fgravatars%2Fgravatar-user-420.png\",\"gravatar_id\":\"7e19cd5486b5d6dc1ef90e671ba52ae0\",\"url\":\"https://api.github.com/users/pengwynn\",\"html_url\":\"https://github.com/pengwynn\",\"followers_url\":\"https://api.github.com/users/pengwynn/followers\",\"following_url\":\"https://api.github.com/users/pengwynn/following{/other_user}\",\"gists_url\":\"https://api.github.com/users/pengwynn/gists{/gist_id}\",\"starred_url\":\"https://api.github.com/users/pengwynn/starred{/owner}{/repo}\",\"subscriptions_url\":\"https://api.github.com/users/pengwynn/subscriptions\",\"organizations_url\":\"https://api.github.com/users/pengwynn/orgs\",\"repos_url\":\"https://api.github.com/users/pengwynn/repos\",\"events_url\":\"https://api.github.com/users/pengwynn/events{/privacy}\",\"received_events_url\":\"https://api.github.com/users/pengwynn/received_events\",\"type\":\"User\"},\"comments_url\":\"https://api.github.com/gists/4320107/comments\"},{\"url\":\"https://api.github.com/gists/4118787\",\"forks_url\":\"https://api.github.com/gists/4118787/forks\",\"commits_url\":\"https://api.github.com/gists/4118787/commits\",\"id\":\"4118787\",\"git_pull_url\":\"https://gist.github.com/4118787.git\",\"git_push_url\":\"https://gist.github.com/4118787.git\",\"html_url\":\"https://gist.github.com/4118787\",\"files\":{\"jq.sh\":{\"filename\":\"jq.sh\",\"type\":\"application/sh\",\"language\":\"Shell\",\"raw_url\":\"https://gist.github.com/raw/4118787/52842dfed613311f77b7a7e82250027c808637b6/jq.sh\",\"size\":1369}},\"public\":true,\"created_at\":\"2012-11-20T15:59:24Z\",\"updated_at\":\"2012-11-20T16:01:57Z\",\"description\":\"The Real j-query\xE2\x84\xA2\",\"comments\":0,\"user\":{\"login\":\"pengwynn\",\"id\":865,\"avatar_url\":\"https://secure.gravatar.com/avatar/7e19cd5486b5d6dc1ef90e671ba52ae0?d=https://a248.e.akamai.net/assets.github.com%2Fimages%2Fgravatars%2Fgravatar-user-420.png\",\"gravatar_id\":\"7e19cd5486b5d6dc1ef90e671ba52ae0\",\"url\":\"https://api.github.com/users/pengwynn\",\"html_url\":\"https://github.com/pengwynn\",\"followers_url\":\"https://api.github.com/users/pengwynn/followers\",\"following_url\":\"https://api.github.com/users/pengwynn/following{/other_user}\",\"gists_url\":\"https://api.github.com/users/pengwynn/gists{/gist_id}\",\"starred_url\":\"https://api.github.com/users/pengwynn/starred{/owner}{/repo}\",\"subscriptions_url\":\"https://api.github.com/users/pengwynn/subscriptions\",\"organizations_url\":\"https://api.github.com/users/pengwynn/orgs\",\"repos_url\":\"https://api.github.com/users/pengwynn/repos\",\"events_url\":\"https://api.github.com/users/pengwynn/events{/privacy}\",\"received_events_url\":\"https://api.github.com/users/pengwynn/received_events\",\"type\":\"User\"},\"comments_url\":\"https://api.github.com/gists/4118787/comments\"},{\"url\":\"https://api.github.com/gists/4074847\",\"forks_url\":\"https://api.github.com/gists/4074847/forks\",\"commits_url\":\"https://api.github.com/gists/4074847/commits\",\"id\":\"4074847\",\"git_pull_url\":\"https://gist.github.com/4074847.git\",\"git_push_url\":\"https://gist.github.com/4074847.git\",\"html_url\":\"https://gist.github.com/4074847\",\"files\":{\".netrc\":{\"filename\":\".netrc\",\"type\":\"text/plain\",\"language\":null,\"raw_url\":\"https://gist.github.com/raw/4074847/f040a22417dafaa28a190d067af148c4ed405237/.netrc\",\"size\":59}},\"public\":true,\"created_at\":\"2012-11-14T21:10:13Z\",\"updated_at\":\"2012-11-14T21:10:13Z\",\"description\":\"\",\"comments\":0,\"user\":{\"login\":\"pengwynn\",\"id\":865,\"avatar_url\":\"https://secure.gravatar.com/avatar/7e19cd5486b5d6dc1ef90e671ba52ae0?d=https://a248.e.akamai.net/assets.github.com%2Fimages%2Fgravatars%2Fgravatar-user-420.png\",\"gravatar_id\":\"7e19cd5486b5d6dc1ef90e671ba52ae0\",\"url\":\"https://api.github.com/users/pengwynn\",\"html_url\":\"https://github.com/pengwynn\",\"followers_url\":\"https://api.github.com/users/pengwynn/followers\",\"following_url\":\"https://api.github.com/users/pengwynn/following{/other_user}\",\"gists_url\":\"https://api.github.com/users/pengwynn/gists{/gist_id}\",\"starred_url\":\"https://api.github.com/users/pengwynn/starred{/owner}{/repo}\",\"subscriptions_url\":\"https://api.github.com/users/pengwynn/subscriptions\",\"organizations_url\":\"https://api.github.com/users/pengwynn/orgs\",\"repos_url\":\"https://api.github.com/users/pengwynn/repos\",\"events_url\":\"https://api.github.com/users/pengwynn/events{/privacy}\",\"received_events_url\":\"https://api.github.com/users/pengwynn/received_events\",\"type\":\"User\"},\"comments_url\":\"https://api.github.com/gists/4074847/comments\"},{\"url\":\"https://api.github.com/gists/4069963\",\"forks_url\":\"https://api.github.com/gists/4069963/forks\",\"commits_url\":\"https://api.github.com/gists/4069963/commits\",\"id\":\"4069963\",\"git_pull_url\":\"https://gist.github.com/4069963.git\",\"git_push_url\":\"https://gist.github.com/4069963.git\",\"html_url\":\"https://gist.github.com/4069963\",\"files\":{\"octocat_zen.sh\":{\"filename\":\"octocat_zen.sh\",\"type\":\"application/sh\",\"language\":\"Shell\",\"raw_url\":\"https://gist.github.com/raw/4069963/119e74775ff5c2481fa8efd231be15189acfde81/octocat_zen.sh\",\"size\":836}},\"public\":true,\"created_at\":\"2012-11-14T02:42:33Z\",\"updated_at\":\"2012-11-14T02:42:33Z\",\"description\":\"GitHub Zen\",\"comments\":0,\"user\":{\"login\":\"pengwynn\",\"id\":865,\"avatar_url\":\"https://secure.gravatar.com/avatar/7e19cd5486b5d6dc1ef90e671ba52ae0?d=https://a248.e.akamai.net/assets.github.com%2Fimages%2Fgravatars%2Fgravatar-user-420.png\",\"gravatar_id\":\"7e19cd5486b5d6dc1ef90e671ba52ae0\",\"url\":\"https://api.github.com/users/pengwynn\",\"html_url\":\"https://github.com/pengwynn\",\"followers_url\":\"https://api.github.com/users/pengwynn/followers\",\"following_url\":\"https://api.github.com/users/pengwynn/following{/other_user}\",\"gists_url\":\"https://api.github.com/users/pengwynn/gists{/gist_id}\",\"starred_url\":\"https://api.github.com/users/pengwynn/starred{/owner}{/repo}\",\"subscriptions_url\":\"https://api.github.com/users/pengwynn/subscriptions\",\"organizations_url\":\"https://api.github.com/users/pengwynn/orgs\",\"repos_url\":\"https://api.github.com/users/pengwynn/repos\",\"events_url\":\"https://api.github.com/users/pengwynn/events{/privacy}\",\"received_events_url\":\"https://api.github.com/users/pengwynn/received_events\",\"type\":\"User\"},\"comments_url\":\"https://api.github.com/gists/4069963/comments\"},{\"url\":\"https://api.github.com/gists/4020702\",\"forks_url\":\"https://api.github.com/gists/4020702/forks\",\"commits_url\":\"https://api.github.com/gists/4020702/commits\",\"id\":\"4020702\",\"git_pull_url\":\"https://gist.github.com/4020702.git\",\"git_push_url\":\"https://gist.github.com/4020702.git\",\"html_url\":\"https://gist.github.com/4020702\",\"files\":{\"this has a space.txt\":{\"filename\":\"this has a space.txt\",\"type\":\"text/plain\",\"language\":null,\"raw_url\":\"https://gist.github.com/raw/4020702/201d026737b1cbc319ca5fe14260ba948326baa6/this%20has%20a%20space.txt\",\"size\":26}},\"public\":true,\"created_at\":\"2012-11-05T22:06:11Z\",\"updated_at\":\"2012-11-05T22:06:11Z\",\"description\":\"Testing\",\"comments\":1,\"user\":{\"login\":\"pengwynn\",\"id\":865,\"avatar_url\":\"https://secure.gravatar.com/avatar/7e19cd5486b5d6dc1ef90e671ba52ae0?d=https://a248.e.akamai.net/assets.github.com%2Fimages%2Fgravatars%2Fgravatar-user-420.png\",\"gravatar_id\":\"7e19cd5486b5d6dc1ef90e671ba52ae0\",\"url\":\"https://api.github.com/users/pengwynn\",\"html_url\":\"https://github.com/pengwynn\",\"followers_url\":\"https://api.github.com/users/pengwynn/followers\",\"following_url\":\"https://api.github.com/users/pengwynn/following{/other_user}\",\"gists_url\":\"https://api.github.com/users/pengwynn/gists{/gist_id}\",\"starred_url\":\"https://api.github.com/users/pengwynn/starred{/owner}{/repo}\",\"subscriptions_url\":\"https://api.github.com/users/pengwynn/subscriptions\",\"organizations_url\":\"https://api.github.com/users/pengwynn/orgs\",\"repos_url\":\"https://api.github.com/users/pengwynn/repos\",\"events_url\":\"https://api.github.com/users/pengwynn/events{/privacy}\",\"received_events_url\":\"https://api.github.com/users/pengwynn/received_events\",\"type\":\"User\"},\"comments_url\":\"https://api.github.com/gists/4020702/comments\"},{\"url\":\"https://api.github.com/gists/3528645\",\"forks_url\":\"https://api.github.com/gists/3528645/forks\",\"commits_url\":\"https://api.github.com/gists/3528645/commits\",\"id\":\"3528645\",\"git_pull_url\":\"https://gist.github.com/3528645.git\",\"git_push_url\":\"https://gist.github.com/3528645.git\",\"html_url\":\"https://gist.github.com/3528645\",\"files\":{\"auth.sh\":{\"filename\":\"auth.sh\",\"type\":\"application/sh\",\"language\":\"Shell\",\"raw_url\":\"https://gist.github.com/raw/3528645/d0d1100e66f968ccb05ee8f6a1bededcefd7aa22/auth.sh\",\"size\":126}},\"public\":true,\"created_at\":\"2012-08-30T13:35:42Z\",\"updated_at\":\"2012-08-30T13:35:42Z\",\"description\":\"Create GitHub Authorization token with curl\",\"comments\":3,\"user\":{\"login\":\"pengwynn\",\"id\":865,\"avatar_url\":\"https://secure.gravatar.com/avatar/7e19cd5486b5d6dc1ef90e671ba52ae0?d=https://a248.e.akamai.net/assets.github.com%2Fimages%2Fgravatars%2Fgravatar-user-420.png\",\"gravatar_id\":\"7e19cd5486b5d6dc1ef90e671ba52ae0\",\"url\":\"https://api.github.com/users/pengwynn\",\"html_url\":\"https://github.com/pengwynn\",\"followers_url\":\"https://api.github.com/users/pengwynn/followers\",\"following_url\":\"https://api.github.com/users/pengwynn/following{/other_user}\",\"gists_url\":\"https://api.github.com/users/pengwynn/gists{/gist_id}\",\"starred_url\":\"https://api.github.com/users/pengwynn/starred{/owner}{/repo}\",\"subscriptions_url\":\"https://api.github.com/users/pengwynn/subscriptions\",\"organizations_url\":\"https://api.github.com/users/pengwynn/orgs\",\"repos_url\":\"https://api.github.com/users/pengwynn/repos\",\"events_url\":\"https://api.github.com/users/pengwynn/events{/privacy}\",\"received_events_url\":\"https://api.github.com/users/pengwynn/received_events\",\"type\":\"User\"},\"comments_url\":\"https://api.github.com/gists/3528645/comments\"},{\"url\":\"https://api.github.com/gists/3161287\",\"forks_url\":\"https://api.github.com/gists/3161287/forks\",\"commits_url\":\"https://api.github.com/gists/3161287/commits\",\"id\":\"3161287\",\"git_pull_url\":\"https://gist.github.com/3161287.git\",\"git_push_url\":\"https://gist.github.com/3161287.git\",\"html_url\":\"https://gist.github.com/3161287\",\"files\":{\"gistfile1.sh\":{\"filename\":\"gistfile1.sh\",\"type\":\"application/sh\",\"language\":\"Shell\",\"raw_url\":\"https://gist.github.com/raw/3161287/edb2eb0e267ea33148c8f37fc76fe6b97a3657c9/gistfile1.sh\",\"size\":18542}},\"public\":true,\"created_at\":\"2012-07-22T22:50:04Z\",\"updated_at\":\"2012-07-22T22:50:04Z\",\"description\":\"Commits API pagination\",\"comments\":0,\"user\":{\"login\":\"pengwynn\",\"id\":865,\"avatar_url\":\"https://secure.gravatar.com/avatar/7e19cd5486b5d6dc1ef90e671ba52ae0?d=https://a248.e.akamai.net/assets.github.com%2Fimages%2Fgravatars%2Fgravatar-user-420.png\",\"gravatar_id\":\"7e19cd5486b5d6dc1ef90e671ba52ae0\",\"url\":\"https://api.github.com/users/pengwynn\",\"html_url\":\"https://github.com/pengwynn\",\"followers_url\":\"https://api.github.com/users/pengwynn/followers\",\"following_url\":\"https://api.github.com/users/pengwynn/following{/other_user}\",\"gists_url\":\"https://api.github.com/users/pengwynn/gists{/gist_id}\",\"starred_url\":\"https://api.github.com/users/pengwynn/starred{/owner}{/repo}\",\"subscriptions_url\":\"https://api.github.com/users/pengwynn/subscriptions\",\"organizations_url\":\"https://api.github.com/users/pengwynn/orgs\",\"repos_url\":\"https://api.github.com/users/pengwynn/repos\",\"events_url\":\"https://api.github.com/users/pengwynn/events{/privacy}\",\"received_events_url\":\"https://api.github.com/users/pengwynn/received_events\",\"type\":\"User\"},\"comments_url\":\"https://api.github.com/gists/3161287/comments\"},{\"url\":\"https://api.github.com/gists/3056590\",\"forks_url\":\"https://api.github.com/gists/3056590/forks\",\"commits_url\":\"https://api.github.com/gists/3056590/commits\",\"id\":\"3056590\",\"git_pull_url\":\"https://gist.github.com/3056590.git\",\"git_push_url\":\"https://gist.github.com/3056590.git\",\"html_url\":\"https://gist.github.com/3056590\",\"files\":{\"dabblet.css\":{\"filename\":\"dabblet.css\",\"type\":\"text/css\",\"language\":\"CSS\",\"raw_url\":\"https://gist.github.com/raw/3056590/f435308664001504bbad1afaf07c5f5591d6ee08/dabblet.css\",\"size\":149},\"dabblet.html\":{\"filename\":\"dabblet.html\",\"type\":\"text/html\",\"language\":\"HTML\",\"raw_url\":\"https://gist.github.com/raw/3056590/40e46f70f43e830caf28585b9b5e1318a97cd0b3/dabblet.html\",\"size\":54},\"settings.json\":{\"filename\":\"settings.json\",\"type\":\"application/json\",\"language\":\"JSON\",\"raw_url\":\"https://gist.github.com/raw/3056590/f9b473b3380e302ad0c707460c59a541870e0d3b/settings.json\",\"size\":79}},\"public\":true,\"created_at\":\"2012-07-05T21:28:23Z\",\"updated_at\":\"2012-07-05T21:28:23Z\",\"description\":\"The first commented line is your dabblet\xE2\x80\x99s title\",\"comments\":0,\"user\":{\"login\":\"pengwynn\",\"id\":865,\"avatar_url\":\"https://secure.gravatar.com/avatar/7e19cd5486b5d6dc1ef90e671ba52ae0?d=https://a248.e.akamai.net/assets.github.com%2Fimages%2Fgravatars%2Fgravatar-user-420.png\",\"gravatar_id\":\"7e19cd5486b5d6dc1ef90e671ba52ae0\",\"url\":\"https://api.github.com/users/pengwynn\",\"html_url\":\"https://github.com/pengwynn\",\"followers_url\":\"https://api.github.com/users/pengwynn/followers\",\"following_url\":\"https://api.github.com/users/pengwynn/following{/other_user}\",\"gists_url\":\"https://api.github.com/users/pengwynn/gists{/gist_id}\",\"starred_url\":\"https://api.github.com/users/pengwynn/starred{/owner}{/repo}\",\"subscriptions_url\":\"https://api.github.com/users/pengwynn/subscriptions\",\"organizations_url\":\"https://api.github.com/users/pengwynn/orgs\",\"repos_url\":\"https://api.github.com/users/pengwynn/repos\",\"events_url\":\"https://api.github.com/users/pengwynn/events{/privacy}\",\"received_events_url\":\"https://api.github.com/users/pengwynn/received_events\",\"type\":\"User\"},\"comments_url\":\"https://api.github.com/gists/3056590/comments\"},{\"url\":\"https://api.github.com/gists/2875710\",\"forks_url\":\"https://api.github.com/gists/2875710/forks\",\"commits_url\":\"https://api.github.com/gists/2875710/commits\",\"id\":\"2875710\",\"git_pull_url\":\"https://gist.github.com/2875710.git\",\"git_push_url\":\"https://gist.github.com/2875710.git\",\"html_url\":\"https://gist.github.com/2875710\",\"files\":{\"blob_bridge.json\":{\"filename\":\"blob_bridge.json\",\"type\":\"application/json\",\"language\":\"JSON\",\"raw_url\":\"https://gist.github.com/raw/2875710/40deaf7606457ec7a4cd49c6b0b5e6d803213b45/blob_bridge.json\",\"size\":858813},\"blob_octocat.json\":{\"filename\":\"blob_octocat.json\",\"type\":\"application/json\",\"language\":\"JSON\",\"raw_url\":\"https://gist.github.com/raw/2875710/82de3ccc4eddc1991ae0b508e6fe5bf0b8017083/blob_octocat.json\",\"size\":34686},\"gistfile1.sh\":{\"filename\":\"gistfile1.sh\",\"type\":\"application/sh\",\"language\":\"Shell\",\"raw_url\":\"https://gist.github.com/raw/2875710/935701bcd8a9df77695ec553bfaad51c48a440fc/gistfile1.sh\",\"size\":119}},\"public\":true,\"created_at\":\"2012-06-05T15:34:08Z\",\"updated_at\":\"2012-06-05T15:34:08Z\",\"description\":\"Encoded Octocat\",\"comments\":0,\"user\":{\"login\":\"pengwynn\",\"id\":865,\"avatar_url\":\"https://secure.gravatar.com/avatar/7e19cd5486b5d6dc1ef90e671ba52ae0?d=https://a248.e.akamai.net/assets.github.com%2Fimages%2Fgravatars%2Fgravatar-user-420.png\",\"gravatar_id\":\"7e19cd5486b5d6dc1ef90e671ba52ae0\",\"url\":\"https://api.github.com/users/pengwynn\",\"html_url\":\"https://github.com/pengwynn\",\"followers_url\":\"https://api.github.com/users/pengwynn/followers\",\"following_url\":\"https://api.github.com/users/pengwynn/following{/other_user}\",\"gists_url\":\"https://api.github.com/users/pengwynn/gists{/gist_id}\",\"starred_url\":\"https://api.github.com/users/pengwynn/starred{/owner}{/repo}\",\"subscriptions_url\":\"https://api.github.com/users/pengwynn/subscriptions\",\"organizations_url\":\"https://api.github.com/users/pengwynn/orgs\",\"repos_url\":\"https://api.github.com/users/pengwynn/repos\",\"events_url\":\"https://api.github.com/users/pengwynn/events{/privacy}\",\"received_events_url\":\"https://api.github.com/users/pengwynn/received_events\",\"type\":\"User\"},\"comments_url\":\"https://api.github.com/gists/2875710/comments\"},{\"url\":\"https://api.github.com/gists/2868610\",\"forks_url\":\"https://api.github.com/gists/2868610/forks\",\"commits_url\":\"https://api.github.com/gists/2868610/commits\",\"id\":\"2868610\",\"git_pull_url\":\"https://gist.github.com/2868610.git\",\"git_push_url\":\"https://gist.github.com/2868610.git\",\"html_url\":\"https://gist.github.com/2868610\",\"files\":{\"main.coffee\":{\"filename\":\"main.coffee\",\"type\":\"text/coffescript\",\"language\":\"CoffeeScript\",\"raw_url\":\"https://gist.github.com/raw/2868610/b683c939f354c41918289fae58b17304de0a7375/main.coffee\",\"size\":292},\"test.text\":{\"filename\":\"test.text\",\"type\":\"text/plain\",\"language\":null,\"raw_url\":\"https://gist.github.com/raw/2868610/793aa682b06ae032641abf70c5dfeade28c07c52/test.text\",\"size\":14}},\"public\":true,\"created_at\":\"2012-06-04T14:03:22Z\",\"updated_at\":\"2012-06-04T14:03:22Z\",\"description\":\"Using _.extend with Titanium\",\"comments\":0,\"user\":{\"login\":\"pengwynn\",\"id\":865,\"avatar_url\":\"https://secure.gravatar.com/avatar/7e19cd5486b5d6dc1ef90e671ba52ae0?d=https://a248.e.akamai.net/assets.github.com%2Fimages%2Fgravatars%2Fgravatar-user-420.png\",\"gravatar_id\":\"7e19cd5486b5d6dc1ef90e671ba52ae0\",\"url\":\"https://api.github.com/users/pengwynn\",\"html_url\":\"https://github.com/pengwynn\",\"followers_url\":\"https://api.github.com/users/pengwynn/followers\",\"following_url\":\"https://api.github.com/users/pengwynn/following{/other_user}\",\"gists_url\":\"https://api.github.com/users/pengwynn/gists{/gist_id}\",\"starred_url\":\"https://api.github.com/users/pengwynn/starred{/owner}{/repo}\",\"subscriptions_url\":\"https://api.github.com/users/pengwynn/subscriptions\",\"organizations_url\":\"https://api.github.com/users/pengwynn/orgs\",\"repos_url\":\"https://api.github.com/users/pengwynn/repos\",\"events_url\":\"https://api.github.com/users/pengwynn/events{/privacy}\",\"received_events_url\":\"https://api.github.com/users/pengwynn/received_events\",\"type\":\"User\"},\"comments_url\":\"https://api.github.com/gists/2868610/comments\"},{\"url\":\"https://api.github.com/gists/2765528\",\"forks_url\":\"https://api.github.com/gists/2765528/forks\",\"commits_url\":\"https://api.github.com/gists/2765528/commits\",\"id\":\"2765528\",\"git_pull_url\":\"https://gist.github.com/2765528.git\",\"git_push_url\":\"https://gist.github.com/2765528.git\",\"html_url\":\"https://gist.github.com/2765528\",\"files\":{\"gistfile1.sh\":{\"filename\":\"gistfile1.sh\",\"type\":\"application/sh\",\"language\":\"Shell\",\"raw_url\":\"https://gist.github.com/raw/2765528/2d3c543b5e3c0f7cf1e0bc9dbc84d386760a394d/gistfile1.sh\",\"size\":113}},\"public\":true,\"created_at\":\"2012-05-22T00:00:14Z\",\"updated_at\":\"2012-05-22T00:00:14Z\",\"description\":\"Follow all the GitHubbers\",\"comments\":0,\"user\":{\"login\":\"pengwynn\",\"id\":865,\"avatar_url\":\"https://secure.gravatar.com/avatar/7e19cd5486b5d6dc1ef90e671ba52ae0?d=https://a248.e.akamai.net/assets.github.com%2Fimages%2Fgravatars%2Fgravatar-user-420.png\",\"gravatar_id\":\"7e19cd5486b5d6dc1ef90e671ba52ae0\",\"url\":\"https://api.github.com/users/pengwynn\",\"html_url\":\"https://github.com/pengwynn\",\"followers_url\":\"https://api.github.com/users/pengwynn/followers\",\"following_url\":\"https://api.github.com/users/pengwynn/following{/other_user}\",\"gists_url\":\"https://api.github.com/users/pengwynn/gists{/gist_id}\",\"starred_url\":\"https://api.github.com/users/pengwynn/starred{/owner}{/repo}\",\"subscriptions_url\":\"https://api.github.com/users/pengwynn/subscriptions\",\"organizations_url\":\"https://api.github.com/users/pengwynn/orgs\",\"repos_url\":\"https://api.github.com/users/pengwynn/repos\",\"events_url\":\"https://api.github.com/users/pengwynn/events{/privacy}\",\"received_events_url\":\"https://api.github.com/users/pengwynn/received_events\",\"type\":\"User\"},\"comments_url\":\"https://api.github.com/gists/2765528/comments\"},{\"url\":\"https://api.github.com/gists/2237805\",\"forks_url\":\"https://api.github.com/gists/2237805/forks\",\"commits_url\":\"https://api.github.com/gists/2237805/commits\",\"id\":\"2237805\",\"git_pull_url\":\"https://gist.github.com/2237805.git\",\"git_push_url\":\"https://gist.github.com/2237805.git\",\"html_url\":\"https://gist.github.com/2237805\",\"files\":{\"gistfile1\":{\"filename\":\"gistfile1\",\"type\":\"text/plain\",\"language\":null,\"raw_url\":\"https://gist.github.com/raw/2237805/8feec60de9ee261a9b61aba4aa6db1f959d4d315/gistfile1\",\"size\":626}},\"public\":true,\"created_at\":\"2012-03-29T14:11:10Z\",\"updated_at\":\"2012-03-29T14:11:10Z\",\"description\":null,\"comments\":0,\"user\":{\"login\":\"pengwynn\",\"id\":865,\"avatar_url\":\"https://secure.gravatar.com/avatar/7e19cd5486b5d6dc1ef90e671ba52ae0?d=https://a248.e.akamai.net/assets.github.com%2Fimages%2Fgravatars%2Fgravatar-user-420.png\",\"gravatar_id\":\"7e19cd5486b5d6dc1ef90e671ba52ae0\",\"url\":\"https://api.github.com/users/pengwynn\",\"html_url\":\"https://github.com/pengwynn\",\"followers_url\":\"https://api.github.com/users/pengwynn/followers\",\"following_url\":\"https://api.github.com/users/pengwynn/following{/other_user}\",\"gists_url\":\"https://api.github.com/users/pengwynn/gists{/gist_id}\",\"starred_url\":\"https://api.github.com/users/pengwynn/starred{/owner}{/repo}\",\"subscriptions_url\":\"https://api.github.com/users/pengwynn/subscriptions\",\"organizations_url\":\"https://api.github.com/users/pengwynn/orgs\",\"repos_url\":\"https://api.github.com/users/pengwynn/repos\",\"events_url\":\"https://api.github.com/users/pengwynn/events{/privacy}\",\"received_events_url\":\"https://api.github.com/users/pengwynn/received_events\",\"type\":\"User\"},\"comments_url\":\"https://api.github.com/gists/2237805/comments\"},{\"url\":\"https://api.github.com/gists/1895132\",\"forks_url\":\"https://api.github.com/gists/1895132/forks\",\"commits_url\":\"https://api.github.com/gists/1895132/commits\",\"id\":\"1895132\",\"git_pull_url\":\"https://gist.github.com/1895132.git\",\"git_push_url\":\"https://gist.github.com/1895132.git\",\"html_url\":\"https://gist.github.com/1895132\",\"files\":{\"syntax.sass\":{\"filename\":\"syntax.sass\",\"type\":\"text/plain\",\"language\":\"Sass\",\"raw_url\":\"https://gist.github.com/raw/1895132/559ebeb8fb75172d5c7daf1df324871d3eee52fb/syntax.sass\",\"size\":1096}},\"public\":true,\"created_at\":\"2012-02-23T21:24:57Z\",\"updated_at\":\"2012-02-23T21:24:57Z\",\"description\":\"The Changelog syntax theme\",\"comments\":0,\"user\":{\"login\":\"pengwynn\",\"id\":865,\"avatar_url\":\"https://secure.gravatar.com/avatar/7e19cd5486b5d6dc1ef90e671ba52ae0?d=https://a248.e.akamai.net/assets.github.com%2Fimages%2Fgravatars%2Fgravatar-user-420.png\",\"gravatar_id\":\"7e19cd5486b5d6dc1ef90e671ba52ae0\",\"url\":\"https://api.github.com/users/pengwynn\",\"html_url\":\"https://github.com/pengwynn\",\"followers_url\":\"https://api.github.com/users/pengwynn/followers\",\"following_url\":\"https://api.github.com/users/pengwynn/following{/other_user}\",\"gists_url\":\"https://api.github.com/users/pengwynn/gists{/gist_id}\",\"starred_url\":\"https://api.github.com/users/pengwynn/starred{/owner}{/repo}\",\"subscriptions_url\":\"https://api.github.com/users/pengwynn/subscriptions\",\"organizations_url\":\"https://api.github.com/users/pengwynn/orgs\",\"repos_url\":\"https://api.github.com/users/pengwynn/repos\",\"events_url\":\"https://api.github.com/users/pengwynn/events{/privacy}\",\"received_events_url\":\"https://api.github.com/users/pengwynn/received_events\",\"type\":\"User\"},\"comments_url\":\"https://api.github.com/gists/1895132/comments\"},{\"url\":\"https://api.github.com/gists/1831561\",\"forks_url\":\"https://api.github.com/gists/1831561/forks\",\"commits_url\":\"https://api.github.com/gists/1831561/commits\",\"id\":\"1831561\",\"git_pull_url\":\"https://gist.github.com/1831561.git\",\"git_push_url\":\"https://gist.github.com/1831561.git\",\"html_url\":\"https://gist.github.com/1831561\",\"files\":{\"config.rb\":{\"filename\":\"config.rb\",\"type\":\"application/ruby\",\"language\":\"Ruby\",\"raw_url\":\"https://gist.github.com/raw/1831561/be203d939bd2ca311dafcfe4b825944c654326c7/config.rb\",\"size\":953},\"config.ru\":{\"filename\":\"config.ru\",\"type\":\"text/plain\",\"language\":\"Ruby\",\"raw_url\":\"https://gist.github.com/raw/1831561/c02a85759aad435c347f5e30796de2b55d5294ea/config.ru\",\"size\":609}},\"public\":true,\"created_at\":\"2012-02-14T23:21:07Z\",\"updated_at\":\"2012-02-14T23:21:07Z\",\"description\":\"Nesta, compass, rack\",\"comments\":0,\"user\":{\"login\":\"pengwynn\",\"id\":865,\"avatar_url\":\"https://secure.gravatar.com/avatar/7e19cd5486b5d6dc1ef90e671ba52ae0?d=https://a248.e.akamai.net/assets.github.com%2Fimages%2Fgravatars%2Fgravatar-user-420.png\",\"gravatar_id\":\"7e19cd5486b5d6dc1ef90e671ba52ae0\",\"url\":\"https://api.github.com/users/pengwynn\",\"html_url\":\"https://github.com/pengwynn\",\"followers_url\":\"https://api.github.com/users/pengwynn/followers\",\"following_url\":\"https://api.github.com/users/pengwynn/following{/other_user}\",\"gists_url\":\"https://api.github.com/users/pengwynn/gists{/gist_id}\",\"starred_url\":\"https://api.github.com/users/pengwynn/starred{/owner}{/repo}\",\"subscriptions_url\":\"https://api.github.com/users/pengwynn/subscriptions\",\"organizations_url\":\"https://api.github.com/users/pengwynn/orgs\",\"repos_url\":\"https://api.github.com/users/pengwynn/repos\",\"events_url\":\"https://api.github.com/users/pengwynn/events{/privacy}\",\"received_events_url\":\"https://api.github.com/users/pengwynn/received_events\",\"type\":\"User\"},\"comments_url\":\"https://api.github.com/gists/1831561/comments\"},{\"url\":\"https://api.github.com/gists/1536612\",\"forks_url\":\"https://api.github.com/gists/1536612/forks\",\"commits_url\":\"https://api.github.com/gists/1536612/commits\",\"id\":\"1536612\",\"git_pull_url\":\"https://gist.github.com/1536612.git\",\"git_push_url\":\"https://gist.github.com/1536612.git\",\"html_url\":\"https://gist.github.com/1536612\",\"files\":{\"user.rb\":{\"filename\":\"user.rb\",\"type\":\"application/ruby\",\"language\":\"Ruby\",\"raw_url\":\"https://gist.github.com/raw/1536612/a2acf3ae00cd0c336d6bef83750079d59addc0cc/user.rb\",\"size\":116}},\"public\":true,\"created_at\":\"2011-12-29T23:05:03Z\",\"updated_at\":\"2011-12-29T23:05:46Z\",\"description\":\"\",\"comments\":0,\"user\":{\"login\":\"pengwynn\",\"id\":865,\"avatar_url\":\"https://secure.gravatar.com/avatar/7e19cd5486b5d6dc1ef90e671ba52ae0?d=https://a248.e.akamai.net/assets.github.com%2Fimages%2Fgravatars%2Fgravatar-user-420.png\",\"gravatar_id\":\"7e19cd5486b5d6dc1ef90e671ba52ae0\",\"url\":\"https://api.github.com/users/pengwynn\",\"html_url\":\"https://github.com/pengwynn\",\"followers_url\":\"https://api.github.com/users/pengwynn/followers\",\"following_url\":\"https://api.github.com/users/pengwynn/following{/other_user}\",\"gists_url\":\"https://api.github.com/users/pengwynn/gists{/gist_id}\",\"starred_url\":\"https://api.github.com/users/pengwynn/starred{/owner}{/repo}\",\"subscriptions_url\":\"https://api.github.com/users/pengwynn/subscriptions\",\"organizations_url\":\"https://api.github.com/users/pengwynn/orgs\",\"repos_url\":\"https://api.github.com/users/pengwynn/repos\",\"events_url\":\"https://api.github.com/users/pengwynn/events{/privacy}\",\"received_events_url\":\"https://api.github.com/users/pengwynn/received_events\",\"type\":\"User\"},\"comments_url\":\"https://api.github.com/gists/1536612/comments\"},{\"url\":\"https://api.github.com/gists/1337614\",\"forks_url\":\"https://api.github.com/gists/1337614/forks\",\"commits_url\":\"https://api.github.com/gists/1337614/commits\",\"id\":\"1337614\",\"git_pull_url\":\"https://gist.github.com/1337614.git\",\"git_push_url\":\"https://gist.github.com/1337614.git\",\"html_url\":\"https://gist.github.com/1337614\",\"files\":{\"rewards_controller.rb\":{\"filename\":\"rewards_controller.rb\",\"type\":\"application/ruby\",\"language\":\"Ruby\",\"raw_url\":\"https://gist.github.com/raw/1337614/39a861e111ac8816aebc0f5560c816232a80f83e/rewards_controller.rb\",\"size\":176}},\"public\":true,\"created_at\":\"2011-11-03T19:58:52Z\",\"updated_at\":\"2011-11-03T19:59:22Z\",\"description\":\"\",\"comments\":0,\"user\":{\"login\":\"pengwynn\",\"id\":865,\"avatar_url\":\"https://secure.gravatar.com/avatar/7e19cd5486b5d6dc1ef90e671ba52ae0?d=https://a248.e.akamai.net/assets.github.com%2Fimages%2Fgravatars%2Fgravatar-user-420.png\",\"gravatar_id\":\"7e19cd5486b5d6dc1ef90e671ba52ae0\",\"url\":\"https://api.github.com/users/pengwynn\",\"html_url\":\"https://github.com/pengwynn\",\"followers_url\":\"https://api.github.com/users/pengwynn/followers\",\"following_url\":\"https://api.github.com/users/pengwynn/following{/other_user}\",\"gists_url\":\"https://api.github.com/users/pengwynn/gists{/gist_id}\",\"starred_url\":\"https://api.github.com/users/pengwynn/starred{/owner}{/repo}\",\"subscriptions_url\":\"https://api.github.com/users/pengwynn/subscriptions\",\"organizations_url\":\"https://api.github.com/users/pengwynn/orgs\",\"repos_url\":\"https://api.github.com/users/pengwynn/repos\",\"events_url\":\"https://api.github.com/users/pengwynn/events{/privacy}\",\"received_events_url\":\"https://api.github.com/users/pengwynn/received_events\",\"type\":\"User\"},\"comments_url\":\"https://api.github.com/gists/1337614/comments\"},{\"url\":\"https://api.github.com/gists/1272811\",\"forks_url\":\"https://api.github.com/gists/1272811/forks\",\"commits_url\":\"https://api.github.com/gists/1272811/commits\",\"id\":\"1272811\",\"git_pull_url\":\"https://gist.github.com/1272811.git\",\"git_push_url\":\"https://gist.github.com/1272811.git\",\"html_url\":\"https://gist.github.com/1272811\",\"files\":{\"bleeds.sass\":{\"filename\":\"bleeds.sass\",\"type\":\"text/plain\",\"language\":\"Sass\",\"raw_url\":\"https://gist.github.com/raw/1272811/1b1947c61a914892f9a7d696bfe81af66863f259/bleeds.sass\",\"size\":144}},\"public\":true,\"created_at\":\"2011-10-08T20:12:51Z\",\"updated_at\":\"2011-10-08T20:17:57Z\",\"description\":\"\",\"comments\":0,\"user\":{\"login\":\"pengwynn\",\"id\":865,\"avatar_url\":\"https://secure.gravatar.com/avatar/7e19cd5486b5d6dc1ef90e671ba52ae0?d=https://a248.e.akamai.net/assets.github.com%2Fimages%2Fgravatars%2Fgravatar-user-420.png\",\"gravatar_id\":\"7e19cd5486b5d6dc1ef90e671ba52ae0\",\"url\":\"https://api.github.com/users/pengwynn\",\"html_url\":\"https://github.com/pengwynn\",\"followers_url\":\"https://api.github.com/users/pengwynn/followers\",\"following_url\":\"https://api.github.com/users/pengwynn/following{/other_user}\",\"gists_url\":\"https://api.github.com/users/pengwynn/gists{/gist_id}\",\"starred_url\":\"https://api.github.com/users/pengwynn/starred{/owner}{/repo}\",\"subscriptions_url\":\"https://api.github.com/users/pengwynn/subscriptions\",\"organizations_url\":\"https://api.github.com/users/pengwynn/orgs\",\"repos_url\":\"https://api.github.com/users/pengwynn/repos\",\"events_url\":\"https://api.github.com/users/pengwynn/events{/privacy}\",\"received_events_url\":\"https://api.github.com/users/pengwynn/received_events\",\"type\":\"User\"},\"comments_url\":\"https://api.github.com/gists/1272811/comments\"},{\"url\":\"https://api.github.com/gists/1257802\",\"forks_url\":\"https://api.github.com/gists/1257802/forks\",\"commits_url\":\"https://api.github.com/gists/1257802/commits\",\"id\":\"1257802\",\"git_pull_url\":\"https://gist.github.com/1257802.git\",\"git_push_url\":\"https://gist.github.com/1257802.git\",\"html_url\":\"https://gist.github.com/1257802\",\"files\":{\"app.rb\":{\"filename\":\"app.rb\",\"type\":\"application/ruby\",\"language\":\"Ruby\",\"raw_url\":\"https://gist.github.com/raw/1257802/da31f50bab70224c2b932acbae17dc1832d7041d/app.rb\",\"size\":1741}},\"public\":true,\"created_at\":\"2011-10-02T19:19:53Z\",\"updated_at\":\"2011-10-02T19:19:53Z\",\"description\":null,\"comments\":0,\"user\":{\"login\":\"pengwynn\",\"id\":865,\"avatar_url\":\"https://secure.gravatar.com/avatar/7e19cd5486b5d6dc1ef90e671ba52ae0?d=https://a248.e.akamai.net/assets.github.com%2Fimages%2Fgravatars%2Fgravatar-user-420.png\",\"gravatar_id\":\"7e19cd5486b5d6dc1ef90e671ba52ae0\",\"url\":\"https://api.github.com/users/pengwynn\",\"html_url\":\"https://github.com/pengwynn\",\"followers_url\":\"https://api.github.com/users/pengwynn/followers\",\"following_url\":\"https://api.github.com/users/pengwynn/following{/other_user}\",\"gists_url\":\"https://api.github.com/users/pengwynn/gists{/gist_id}\",\"starred_url\":\"https://api.github.com/users/pengwynn/starred{/owner}{/repo}\",\"subscriptions_url\":\"https://api.github.com/users/pengwynn/subscriptions\",\"organizations_url\":\"https://api.github.com/users/pengwynn/orgs\",\"repos_url\":\"https://api.github.com/users/pengwynn/repos\",\"events_url\":\"https://api.github.com/users/pengwynn/events{/privacy}\",\"received_events_url\":\"https://api.github.com/users/pengwynn/received_events\",\"type\":\"User\"},\"comments_url\":\"https://api.github.com/gists/1257802/comments\"},{\"url\":\"https://api.github.com/gists/1217705\",\"forks_url\":\"https://api.github.com/gists/1217705/forks\",\"commits_url\":\"https://api.github.com/gists/1217705/commits\",\"id\":\"1217705\",\"git_pull_url\":\"https://gist.github.com/1217705.git\",\"git_push_url\":\"https://gist.github.com/1217705.git\",\"html_url\":\"https://gist.github.com/1217705\",\"files\":{\"map.haml\":{\"filename\":\"map.haml\",\"type\":\"text/plain\",\"language\":\"Haml\",\"raw_url\":\"https://gist.github.com/raw/1217705/b1353fff278f0de8de04b1a3f121769f574e7245/map.haml\",\"size\":477}},\"public\":true,\"created_at\":\"2011-09-14T20:34:36Z\",\"updated_at\":\"2011-09-14T20:34:36Z\",\"description\":\"\",\"comments\":0,\"user\":{\"login\":\"pengwynn\",\"id\":865,\"avatar_url\":\"https://secure.gravatar.com/avatar/7e19cd5486b5d6dc1ef90e671ba52ae0?d=https://a248.e.akamai.net/assets.github.com%2Fimages%2Fgravatars%2Fgravatar-user-420.png\",\"gravatar_id\":\"7e19cd5486b5d6dc1ef90e671ba52ae0\",\"url\":\"https://api.github.com/users/pengwynn\",\"html_url\":\"https://github.com/pengwynn\",\"followers_url\":\"https://api.github.com/users/pengwynn/followers\",\"following_url\":\"https://api.github.com/users/pengwynn/following{/other_user}\",\"gists_url\":\"https://api.github.com/users/pengwynn/gists{/gist_id}\",\"starred_url\":\"https://api.github.com/users/pengwynn/starred{/owner}{/repo}\",\"subscriptions_url\":\"https://api.github.com/users/pengwynn/subscriptions\",\"organizations_url\":\"https://api.github.com/users/pengwynn/orgs\",\"repos_url\":\"https://api.github.com/users/pengwynn/repos\",\"events_url\":\"https://api.github.com/users/pengwynn/events{/privacy}\",\"received_events_url\":\"https://api.github.com/users/pengwynn/received_events\",\"type\":\"User\"},\"comments_url\":\"https://api.github.com/gists/1217705/comments\"},{\"url\":\"https://api.github.com/gists/1207045\",\"forks_url\":\"https://api.github.com/gists/1207045/forks\",\"commits_url\":\"https://api.github.com/gists/1207045/commits\",\"id\":\"1207045\",\"git_pull_url\":\"https://gist.github.com/1207045.git\",\"git_push_url\":\"https://gist.github.com/1207045.git\",\"html_url\":\"https://gist.github.com/1207045\",\"files\":{\"_dillon.sass\":{\"filename\":\"_dillon.sass\",\"type\":\"text/plain\",\"language\":\"Sass\",\"raw_url\":\"https://gist.github.com/raw/1207045/66c15a16ab95fc5c6f1c208dec743962db718fc7/_dillon.sass\",\"size\":1487}},\"public\":true,\"created_at\":\"2011-09-09T19:03:02Z\",\"updated_at\":\"2011-09-09T19:03:02Z\",\"description\":null,\"comments\":0,\"user\":{\"login\":\"pengwynn\",\"id\":865,\"avatar_url\":\"https://secure.gravatar.com/avatar/7e19cd5486b5d6dc1ef90e671ba52ae0?d=https://a248.e.akamai.net/assets.github.com%2Fimages%2Fgravatars%2Fgravatar-user-420.png\",\"gravatar_id\":\"7e19cd5486b5d6dc1ef90e671ba52ae0\",\"url\":\"https://api.github.com/users/pengwynn\",\"html_url\":\"https://github.com/pengwynn\",\"followers_url\":\"https://api.github.com/users/pengwynn/followers\",\"following_url\":\"https://api.github.com/users/pengwynn/following{/other_user}\",\"gists_url\":\"https://api.github.com/users/pengwynn/gists{/gist_id}\",\"starred_url\":\"https://api.github.com/users/pengwynn/starred{/owner}{/repo}\",\"subscriptions_url\":\"https://api.github.com/users/pengwynn/subscriptions\",\"organizations_url\":\"https://api.github.com/users/pengwynn/orgs\",\"repos_url\":\"https://api.github.com/users/pengwynn/repos\",\"events_url\":\"https://api.github.com/users/pengwynn/events{/privacy}\",\"received_events_url\":\"https://api.github.com/users/pengwynn/received_events\",\"type\":\"User\"},\"comments_url\":\"https://api.github.com/gists/1207045/comments\"},{\"url\":\"https://api.github.com/gists/1188601\",\"forks_url\":\"https://api.github.com/gists/1188601/forks\",\"commits_url\":\"https://api.github.com/gists/1188601/commits\",\"id\":\"1188601\",\"git_pull_url\":\"https://gist.github.com/1188601.git\",\"git_push_url\":\"https://gist.github.com/1188601.git\",\"html_url\":\"https://gist.github.com/1188601\",\"files\":{\"sample_ti_view.coffee\":{\"filename\":\"sample_ti_view.coffee\",\"type\":\"text/coffescript\",\"language\":\"CoffeeScript\",\"raw_url\":\"https://gist.github.com/raw/1188601/47fca1e65de95d3a50380acec71e873e2154dcb9/sample_ti_view.coffee\",\"size\":920}},\"public\":true,\"created_at\":\"2011-09-02T13:35:54Z\",\"updated_at\":\"2011-09-02T13:35:54Z\",\"description\":\"\",\"comments\":0,\"user\":{\"login\":\"pengwynn\",\"id\":865,\"avatar_url\":\"https://secure.gravatar.com/avatar/7e19cd5486b5d6dc1ef90e671ba52ae0?d=https://a248.e.akamai.net/assets.github.com%2Fimages%2Fgravatars%2Fgravatar-user-420.png\",\"gravatar_id\":\"7e19cd5486b5d6dc1ef90e671ba52ae0\",\"url\":\"https://api.github.com/users/pengwynn\",\"html_url\":\"https://github.com/pengwynn\",\"followers_url\":\"https://api.github.com/users/pengwynn/followers\",\"following_url\":\"https://api.github.com/users/pengwynn/following{/other_user}\",\"gists_url\":\"https://api.github.com/users/pengwynn/gists{/gist_id}\",\"starred_url\":\"https://api.github.com/users/pengwynn/starred{/owner}{/repo}\",\"subscriptions_url\":\"https://api.github.com/users/pengwynn/subscriptions\",\"organizations_url\":\"https://api.github.com/users/pengwynn/orgs\",\"repos_url\":\"https://api.github.com/users/pengwynn/repos\",\"events_url\":\"https://api.github.com/users/pengwynn/events{/privacy}\",\"received_events_url\":\"https://api.github.com/users/pengwynn/received_events\",\"type\":\"User\"},\"comments_url\":\"https://api.github.com/gists/1188601/comments\"},{\"url\":\"https://api.github.com/gists/1185160\",\"forks_url\":\"https://api.github.com/gists/1185160/forks\",\"commits_url\":\"https://api.github.com/gists/1185160/commits\",\"id\":\"1185160\",\"git_pull_url\":\"https://gist.github.com/1185160.git\",\"git_push_url\":\"https://gist.github.com/1185160.git\",\"html_url\":\"https://gist.github.com/1185160\",\"files\":{\"Rakefile\":{\"filename\":\"Rakefile\",\"type\":\"text/plain\",\"language\":\"Ruby\",\"raw_url\":\"https://gist.github.com/raw/1185160/8b592992da5f0e73717a054d52421164398773c0/Rakefile\",\"size\":2071}},\"public\":true,\"created_at\":\"2011-09-01T01:08:41Z\",\"updated_at\":\"2011-09-01T01:08:41Z\",\"description\":\"Build titanium\",\"comments\":0,\"user\":{\"login\":\"pengwynn\",\"id\":865,\"avatar_url\":\"https://secure.gravatar.com/avatar/7e19cd5486b5d6dc1ef90e671ba52ae0?d=https://a248.e.akamai.net/assets.github.com%2Fimages%2Fgravatars%2Fgravatar-user-420.png\",\"gravatar_id\":\"7e19cd5486b5d6dc1ef90e671ba52ae0\",\"url\":\"https://api.github.com/users/pengwynn\",\"html_url\":\"https://github.com/pengwynn\",\"followers_url\":\"https://api.github.com/users/pengwynn/followers\",\"following_url\":\"https://api.github.com/users/pengwynn/following{/other_user}\",\"gists_url\":\"https://api.github.com/users/pengwynn/gists{/gist_id}\",\"starred_url\":\"https://api.github.com/users/pengwynn/starred{/owner}{/repo}\",\"subscriptions_url\":\"https://api.github.com/users/pengwynn/subscriptions\",\"organizations_url\":\"https://api.github.com/users/pengwynn/orgs\",\"repos_url\":\"https://api.github.com/users/pengwynn/repos\",\"events_url\":\"https://api.github.com/users/pengwynn/events{/privacy}\",\"received_events_url\":\"https://api.github.com/users/pengwynn/received_events\",\"type\":\"User\"},\"comments_url\":\"https://api.github.com/gists/1185160/comments\"}]"
    http_version: 
  recorded_at: Fri, 10 May 2013 15:28:49 GMT
- request: 
    method: post
    uri: https://<GITHUB_LOGIN>:<GITHUB_PASSWORD>@api.github.com/gists/4515537/forks
    body: 
      encoding: UTF-8
      string: "{}"
    headers: 
      Accept: 
      - application/vnd.github.beta+json
      User-Agent: 
      - Octokit Ruby Gem 2.0.0.pre
  response: 
    status: 
      code: 201
      message: Created
    headers: 
      Server: 
      - GitHub.com
      Date: 
      - Fri, 10 May 2013 15:28:50 GMT
      Content-Type: 
      - application/json; charset=utf-8
      Connection: 
      - keep-alive
      Status: 
      - 201 Created
      X-Ratelimit-Limit: 
      - "5000"
      X-Ratelimit-Remaining: 
      - "4934"
      Location: 
      - https://api.github.com/gists/5555171
      X-Github-Media-Type: 
      - github.beta; format=json
      X-Content-Type-Options: 
      - nosniff
      Content-Length: 
      - "1556"
      Access-Control-Allow-Credentials: 
      - "true"
      Access-Control-Expose-Headers: 
      - Link, X-RateLimit-Limit, X-RateLimit-Remaining, X-OAuth-Scopes, X-Accepted-OAuth-Scopes
      Access-Control-Allow-Origin: 
      - "*"
      Etag: 
      - "\"d00cd79a8b6585e6fb728499bf580b73\""
      Cache-Control: 
      - max-age=0, private, must-revalidate
    body: 
      encoding: US-ASCII
      string: "{\"url\":\"https://api.github.com/gists/5555171\",\"forks_url\":\"https://api.github.com/gists/5555171/forks\",\"commits_url\":\"https://api.github.com/gists/5555171/commits\",\"id\":\"5555171\",\"git_pull_url\":\"https://gist.github.com/5555171.git\",\"git_push_url\":\"https://gist.github.com/5555171.git\",\"html_url\":\"https://gist.github.com/5555171\",\"files\":{},\"public\":true,\"created_at\":\"2013-05-10T15:28:50Z\",\"updated_at\":\"2013-05-10T15:28:50Z\",\"description\":\"\",\"comments\":0,\"user\":{\"login\":\"<GITHUB_LOGIN>\",\"id\":3513548,\"avatar_url\":\"https://secure.gravatar.com/avatar/becfacf16d1c453662cc46abf5b6f0f9?d=https://a248.e.akamai.net/assets.github.com%2Fimages%2Fgravatars%2Fgravatar-user-420.png\",\"gravatar_id\":\"becfacf16d1c453662cc46abf5b6f0f9\",\"url\":\"https://api.github.com/users/<GITHUB_LOGIN>\",\"html_url\":\"https://github.com/<GITHUB_LOGIN>\",\"followers_url\":\"https://api.github.com/users/<GITHUB_LOGIN>/followers\",\"following_url\":\"https://api.github.com/users/<GITHUB_LOGIN>/following{/other_user}\",\"gists_url\":\"https://api.github.com/users/<GITHUB_LOGIN>/gists{/gist_id}\",\"starred_url\":\"https://api.github.com/users/<GITHUB_LOGIN>/starred{/owner}{/repo}\",\"subscriptions_url\":\"https://api.github.com/users/<GITHUB_LOGIN>/subscriptions\",\"organizations_url\":\"https://api.github.com/users/<GITHUB_LOGIN>/orgs\",\"repos_url\":\"https://api.github.com/users/<GITHUB_LOGIN>/repos\",\"events_url\":\"https://api.github.com/users/<GITHUB_LOGIN>/events{/privacy}\",\"received_events_url\":\"https://api.github.com/users/<GITHUB_LOGIN>/received_events\",\"type\":\"User\"},\"comments_url\":\"https://api.github.com/gists/5555171/comments\"}"
    http_version: 
  recorded_at: Fri, 10 May 2013 15:28:51 GMT
- request: 
    method: delete
    uri: https://<GITHUB_LOGIN>:<GITHUB_PASSWORD>@api.github.com/gists/5555171
    body: 
      encoding: UTF-8
      string: "{}"
    headers: 
      Accept: 
      - application/vnd.github.beta+json
      User-Agent: 
      - Octokit Ruby Gem 2.0.0.pre
  response: 
    status: 
      code: 204
      message: No Content
    headers: 
      Server: 
      - GitHub.com
      Date: 
      - Fri, 10 May 2013 15:28:51 GMT
      Connection: 
      - keep-alive
      Status: 
      - 204 No Content
      X-Ratelimit-Limit: 
      - "5000"
      X-Ratelimit-Remaining: 
      - "4933"
      X-Github-Media-Type: 
      - github.beta; format=json
      X-Content-Type-Options: 
      - nosniff
      Access-Control-Allow-Credentials: 
      - "true"
      Access-Control-Expose-Headers: 
      - Link, X-RateLimit-Limit, X-RateLimit-Remaining, X-OAuth-Scopes, X-Accepted-OAuth-Scopes
      Access-Control-Allow-Origin: 
      - "*"
      Vary: 
      - Accept-Encoding
    body: 
      encoding: US-ASCII
      string: ""
    http_version: 
  recorded_at: Fri, 10 May 2013 15:28:51 GMT
- request: 
    method: get
    uri: https://<GITHUB_LOGIN>:<GITHUB_PASSWORD>@api.github.com/gists/5421307/comments
    body: 
      encoding: US-ASCII
      string: ""
    headers: 
      Accept: 
      - application/vnd.github.beta+json
      User-Agent: 
      - Octokit Ruby Gem 2.0.0.pre
      Accept-Encoding: 
      - gzip;q=1.0,deflate;q=0.6,identity;q=0.3
  response: 
    status: 
      code: 200
      message: OK
    headers: 
      Server: 
      - GitHub.com
      Date: 
      - Fri, 10 May 2013 15:28:51 GMT
      Content-Type: 
      - application/json; charset=utf-8
      Transfer-Encoding: 
      - chunked
      Connection: 
      - keep-alive
      Status: 
      - 200 OK
      X-Ratelimit-Limit: 
      - "5000"
      X-Ratelimit-Remaining: 
      - "4932"
      Vary: 
      - Accept, Authorization, Cookie
      - Accept-Encoding
      Cache-Control: 
      - private, max-age=60, s-maxage=60
      Last-Modified: 
      - Fri, 10 May 2013 15:28:44 GMT
      Etag: 
      - "\"8a0c9b3287e99d7a0accfc09f8997310\""
      X-Github-Media-Type: 
      - github.beta; format=json
      X-Content-Type-Options: 
      - nosniff
      Access-Control-Allow-Credentials: 
      - "true"
      Access-Control-Expose-Headers: 
      - Link, X-RateLimit-Limit, X-RateLimit-Remaining, X-OAuth-Scopes, X-Accepted-OAuth-Scopes
      Access-Control-Allow-Origin: 
      - "*"
    body: 
      encoding: ASCII-8BIT
      string: "[{\"url\":\"https://api.github.com/gists/5421307/comments/818334\",\"id\":818334,\"user\":{\"login\":\"pengwynn\",\"id\":865,\"avatar_url\":\"https://secure.gravatar.com/avatar/7e19cd5486b5d6dc1ef90e671ba52ae0?d=https://a248.e.akamai.net/assets.github.com%2Fimages%2Fgravatars%2Fgravatar-user-420.png\",\"gravatar_id\":\"7e19cd5486b5d6dc1ef90e671ba52ae0\",\"url\":\"https://api.github.com/users/pengwynn\",\"html_url\":\"https://github.com/pengwynn\",\"followers_url\":\"https://api.github.com/users/pengwynn/followers\",\"following_url\":\"https://api.github.com/users/pengwynn/following{/other_user}\",\"gists_url\":\"https://api.github.com/users/pengwynn/gists{/gist_id}\",\"starred_url\":\"https://api.github.com/users/pengwynn/starred{/owner}{/repo}\",\"subscriptions_url\":\"https://api.github.com/users/pengwynn/subscriptions\",\"organizations_url\":\"https://api.github.com/users/pengwynn/orgs\",\"repos_url\":\"https://api.github.com/users/pengwynn/repos\",\"events_url\":\"https://api.github.com/users/pengwynn/events{/privacy}\",\"received_events_url\":\"https://api.github.com/users/pengwynn/received_events\",\"type\":\"User\"},\"created_at\":\"2013-04-19T16:54:24Z\",\"updated_at\":\"2013-04-19T16:54:24Z\",\"body\":\":sparkles:\"},{\"url\":\"https://api.github.com/gists/5421307/comments/828606\",\"id\":828606,\"user\":{\"login\":\"<GITHUB_LOGIN>\",\"id\":3513548,\"avatar_url\":\"https://secure.gravatar.com/avatar/becfacf16d1c453662cc46abf5b6f0f9?d=https://a248.e.akamai.net/assets.github.com%2Fimages%2Fgravatars%2Fgravatar-user-420.png\",\"gravatar_id\":\"becfacf16d1c453662cc46abf5b6f0f9\",\"url\":\"https://api.github.com/users/<GITHUB_LOGIN>\",\"html_url\":\"https://github.com/<GITHUB_LOGIN>\",\"followers_url\":\"https://api.github.com/users/<GITHUB_LOGIN>/followers\",\"following_url\":\"https://api.github.com/users/<GITHUB_LOGIN>/following{/other_user}\",\"gists_url\":\"https://api.github.com/users/<GITHUB_LOGIN>/gists{/gist_id}\",\"starred_url\":\"https://api.github.com/users/<GITHUB_LOGIN>/starred{/owner}{/repo}\",\"subscriptions_url\":\"https://api.github.com/users/<GITHUB_LOGIN>/subscriptions\",\"organizations_url\":\"https://api.github.com/users/<GITHUB_LOGIN>/orgs\",\"repos_url\":\"https://api.github.com/users/<GITHUB_LOGIN>/repos\",\"events_url\":\"https://api.github.com/users/<GITHUB_LOGIN>/events{/privacy}\",\"received_events_url\":\"https://api.github.com/users/<GITHUB_LOGIN>/received_events\",\"type\":\"User\"},\"created_at\":\"2013-05-10T15:20:59Z\",\"updated_at\":\"2013-05-10T15:20:59Z\",\"body\":\":metal:\"},{\"url\":\"https://api.github.com/gists/5421307/comments/828610\",\"id\":828610,\"user\":{\"login\":\"<GITHUB_LOGIN>\",\"id\":3513548,\"avatar_url\":\"https://secure.gravatar.com/avatar/becfacf16d1c453662cc46abf5b6f0f9?d=https://a248.e.akamai.net/assets.github.com%2Fimages%2Fgravatars%2Fgravatar-user-420.png\",\"gravatar_id\":\"becfacf16d1c453662cc46abf5b6f0f9\",\"url\":\"https://api.github.com/users/<GITHUB_LOGIN>\",\"html_url\":\"https://github.com/<GITHUB_LOGIN>\",\"followers_url\":\"https://api.github.com/users/<GITHUB_LOGIN>/followers\",\"following_url\":\"https://api.github.com/users/<GITHUB_LOGIN>/following{/other_user}\",\"gists_url\":\"https://api.github.com/users/<GITHUB_LOGIN>/gists{/gist_id}\",\"starred_url\":\"https://api.github.com/users/<GITHUB_LOGIN>/starred{/owner}{/repo}\",\"subscriptions_url\":\"https://api.github.com/users/<GITHUB_LOGIN>/subscriptions\",\"organizations_url\":\"https://api.github.com/users/<GITHUB_LOGIN>/orgs\",\"repos_url\":\"https://api.github.com/users/<GITHUB_LOGIN>/repos\",\"events_url\":\"https://api.github.com/users/<GITHUB_LOGIN>/events{/privacy}\",\"received_events_url\":\"https://api.github.com/users/<GITHUB_LOGIN>/received_events\",\"type\":\"User\"},\"created_at\":\"2013-05-10T15:25:59Z\",\"updated_at\":\"2013-05-10T15:25:59Z\",\"body\":\":metal:\"},{\"url\":\"https://api.github.com/gists/5421307/comments/828614\",\"id\":828614,\"user\":{\"login\":\"<GITHUB_LOGIN>\",\"id\":3513548,\"avatar_url\":\"https://secure.gravatar.com/avatar/becfacf16d1c453662cc46abf5b6f0f9?d=https://a248.e.akamai.net/assets.github.com%2Fimages%2Fgravatars%2Fgravatar-user-420.png\",\"gravatar_id\":\"becfacf16d1c453662cc46abf5b6f0f9\",\"url\":\"https://api.github.com/users/<GITHUB_LOGIN>\",\"html_url\":\"https://github.com/<GITHUB_LOGIN>\",\"followers_url\":\"https://api.github.com/users/<GITHUB_LOGIN>/followers\",\"following_url\":\"https://api.github.com/users/<GITHUB_LOGIN>/following{/other_user}\",\"gists_url\":\"https://api.github.com/users/<GITHUB_LOGIN>/gists{/gist_id}\",\"starred_url\":\"https://api.github.com/users/<GITHUB_LOGIN>/starred{/owner}{/repo}\",\"subscriptions_url\":\"https://api.github.com/users/<GITHUB_LOGIN>/subscriptions\",\"organizations_url\":\"https://api.github.com/users/<GITHUB_LOGIN>/orgs\",\"repos_url\":\"https://api.github.com/users/<GITHUB_LOGIN>/repos\",\"events_url\":\"https://api.github.com/users/<GITHUB_LOGIN>/events{/privacy}\",\"received_events_url\":\"https://api.github.com/users/<GITHUB_LOGIN>/received_events\",\"type\":\"User\"},\"created_at\":\"2013-05-10T15:28:44Z\",\"updated_at\":\"2013-05-10T15:28:44Z\",\"body\":\":metal:\"}]"
    http_version: 
  recorded_at: Fri, 10 May 2013 15:28:51 GMT
- request: 
    method: get
    uri: https://<GITHUB_LOGIN>:<GITHUB_PASSWORD>@api.github.com/gists/5421307/comments/818334
    body: 
      encoding: US-ASCII
      string: ""
    headers: 
      Accept: 
      - application/vnd.github.beta+json
      User-Agent: 
      - Octokit Ruby Gem 2.0.0.pre
      Accept-Encoding: 
      - gzip;q=1.0,deflate;q=0.6,identity;q=0.3
  response: 
    status: 
      code: 200
      message: OK
    headers: 
      Server: 
      - GitHub.com
      Date: 
      - Fri, 10 May 2013 15:28:52 GMT
      Content-Type: 
      - application/json; charset=utf-8
      Transfer-Encoding: 
      - chunked
      Connection: 
      - keep-alive
      Status: 
      - 200 OK
      X-Ratelimit-Limit: 
      - "5000"
      X-Ratelimit-Remaining: 
      - "4931"
      Vary: 
      - Accept, Authorization, Cookie
      - Accept-Encoding
      Cache-Control: 
      - private, max-age=60, s-maxage=60
      Last-Modified: 
      - Fri, 10 May 2013 15:10:11 GMT
      Etag: 
      - "\"b101a2ef124dccb557bdd3252ed8a1f4\""
      X-Github-Media-Type: 
      - github.beta; format=json
      X-Content-Type-Options: 
      - nosniff
      Access-Control-Allow-Credentials: 
      - "true"
      Access-Control-Expose-Headers: 
      - Link, X-RateLimit-Limit, X-RateLimit-Remaining, X-OAuth-Scopes, X-Accepted-OAuth-Scopes
      Access-Control-Allow-Origin: 
      - "*"
    body: 
      encoding: ASCII-8BIT
      string: "{\"url\":\"https://api.github.com/gists/5421307/comments/818334\",\"id\":818334,\"user\":{\"login\":\"pengwynn\",\"id\":865,\"avatar_url\":\"https://secure.gravatar.com/avatar/7e19cd5486b5d6dc1ef90e671ba52ae0?d=https://a248.e.akamai.net/assets.github.com%2Fimages%2Fgravatars%2Fgravatar-user-420.png\",\"gravatar_id\":\"7e19cd5486b5d6dc1ef90e671ba52ae0\",\"url\":\"https://api.github.com/users/pengwynn\",\"html_url\":\"https://github.com/pengwynn\",\"followers_url\":\"https://api.github.com/users/pengwynn/followers\",\"following_url\":\"https://api.github.com/users/pengwynn/following{/other_user}\",\"gists_url\":\"https://api.github.com/users/pengwynn/gists{/gist_id}\",\"starred_url\":\"https://api.github.com/users/pengwynn/starred{/owner}{/repo}\",\"subscriptions_url\":\"https://api.github.com/users/pengwynn/subscriptions\",\"organizations_url\":\"https://api.github.com/users/pengwynn/orgs\",\"repos_url\":\"https://api.github.com/users/pengwynn/repos\",\"events_url\":\"https://api.github.com/users/pengwynn/events{/privacy}\",\"received_events_url\":\"https://api.github.com/users/pengwynn/received_events\",\"type\":\"User\"},\"created_at\":\"2013-04-19T16:54:24Z\",\"updated_at\":\"2013-04-19T16:54:24Z\",\"body\":\":sparkles:\"}"
    http_version: 
  recorded_at: Fri, 10 May 2013 15:28:52 GMT
- request: 
    method: patch
    uri: https://<GITHUB_LOGIN>:<GITHUB_PASSWORD>@api.github.com/gists/5421307/comments/828614
    body: 
      encoding: UTF-8
      string: "{\"body\":\":heart:\"}"
    headers: 
      Accept: 
      - application/vnd.github.beta+json
      User-Agent: 
      - Octokit Ruby Gem 2.0.0.pre
  response: 
    status: 
      code: 200
      message: OK
    headers: 
      Server: 
      - GitHub.com
      Date: 
      - Fri, 10 May 2013 15:28:52 GMT
      Content-Type: 
      - application/json; charset=utf-8
      Connection: 
      - keep-alive
      Status: 
      - 200 OK
      X-Ratelimit-Limit: 
      - "5000"
      X-Ratelimit-Remaining: 
      - "4930"
      X-Github-Media-Type: 
      - github.beta; format=json
      X-Content-Type-Options: 
      - nosniff
      Content-Length: 
      - "1199"
      Access-Control-Allow-Credentials: 
      - "true"
      Access-Control-Expose-Headers: 
      - Link, X-RateLimit-Limit, X-RateLimit-Remaining, X-OAuth-Scopes, X-Accepted-OAuth-Scopes
      Access-Control-Allow-Origin: 
      - "*"
      Etag: 
      - "\"f29a00b4b2a1c80a9e065dbd1009ec45\""
      Cache-Control: 
      - max-age=0, private, must-revalidate
      Vary: 
      - Accept-Encoding
    body: 
      encoding: US-ASCII
      string: "{\"url\":\"https://api.github.com/gists/5421307/comments/828614\",\"id\":828614,\"user\":{\"login\":\"<GITHUB_LOGIN>\",\"id\":3513548,\"avatar_url\":\"https://secure.gravatar.com/avatar/becfacf16d1c453662cc46abf5b6f0f9?d=https://a248.e.akamai.net/assets.github.com%2Fimages%2Fgravatars%2Fgravatar-user-420.png\",\"gravatar_id\":\"becfacf16d1c453662cc46abf5b6f0f9\",\"url\":\"https://api.github.com/users/<GITHUB_LOGIN>\",\"html_url\":\"https://github.com/<GITHUB_LOGIN>\",\"followers_url\":\"https://api.github.com/users/<GITHUB_LOGIN>/followers\",\"following_url\":\"https://api.github.com/users/<GITHUB_LOGIN>/following{/other_user}\",\"gists_url\":\"https://api.github.com/users/<GITHUB_LOGIN>/gists{/gist_id}\",\"starred_url\":\"https://api.github.com/users/<GITHUB_LOGIN>/starred{/owner}{/repo}\",\"subscriptions_url\":\"https://api.github.com/users/<GITHUB_LOGIN>/subscriptions\",\"organizations_url\":\"https://api.github.com/users/<GITHUB_LOGIN>/orgs\",\"repos_url\":\"https://api.github.com/users/<GITHUB_LOGIN>/repos\",\"events_url\":\"https://api.github.com/users/<GITHUB_LOGIN>/events{/privacy}\",\"received_events_url\":\"https://api.github.com/users/<GITHUB_LOGIN>/received_events\",\"type\":\"User\"},\"created_at\":\"2013-05-10T15:28:44Z\",\"updated_at\":\"2013-05-10T15:28:52Z\",\"body\":\":heart:\"}"
    http_version: 
  recorded_at: Fri, 10 May 2013 15:28:52 GMT
- request: 
    method: post
    uri: https://<GITHUB_LOGIN>:<GITHUB_PASSWORD>@api.github.com/gists/5421307/comments
    body: 
      encoding: UTF-8
      string: "{\"body\":\":metal:\"}"
    headers: 
      Accept: 
      - application/vnd.github.beta+json
      User-Agent: 
      - Octokit Ruby Gem 2.0.0.pre
  response: 
    status: 
      code: 201
      message: Created
    headers: 
      Server: 
      - GitHub.com
      Date: 
      - Fri, 10 May 2013 15:28:53 GMT
      Content-Type: 
      - application/json; charset=utf-8
      Connection: 
      - keep-alive
      Status: 
      - 201 Created
      X-Ratelimit-Limit: 
      - "5000"
      X-Ratelimit-Remaining: 
      - "4929"
      Location: 
      - https://api.github.com/gists/5421307/comments/828615
      X-Github-Media-Type: 
      - github.beta; format=json
      X-Content-Type-Options: 
      - nosniff
      Content-Length: 
      - "1199"
      Access-Control-Allow-Credentials: 
      - "true"
      Access-Control-Expose-Headers: 
      - Link, X-RateLimit-Limit, X-RateLimit-Remaining, X-OAuth-Scopes, X-Accepted-OAuth-Scopes
      Access-Control-Allow-Origin: 
      - "*"
      Etag: 
      - "\"bdf7fb7c936ec2e8a9905b6921930270\""
      Cache-Control: 
      - max-age=0, private, must-revalidate
    body: 
      encoding: US-ASCII
      string: "{\"url\":\"https://api.github.com/gists/5421307/comments/828615\",\"id\":828615,\"user\":{\"login\":\"<GITHUB_LOGIN>\",\"id\":3513548,\"avatar_url\":\"https://secure.gravatar.com/avatar/becfacf16d1c453662cc46abf5b6f0f9?d=https://a248.e.akamai.net/assets.github.com%2Fimages%2Fgravatars%2Fgravatar-user-420.png\",\"gravatar_id\":\"becfacf16d1c453662cc46abf5b6f0f9\",\"url\":\"https://api.github.com/users/<GITHUB_LOGIN>\",\"html_url\":\"https://github.com/<GITHUB_LOGIN>\",\"followers_url\":\"https://api.github.com/users/<GITHUB_LOGIN>/followers\",\"following_url\":\"https://api.github.com/users/<GITHUB_LOGIN>/following{/other_user}\",\"gists_url\":\"https://api.github.com/users/<GITHUB_LOGIN>/gists{/gist_id}\",\"starred_url\":\"https://api.github.com/users/<GITHUB_LOGIN>/starred{/owner}{/repo}\",\"subscriptions_url\":\"https://api.github.com/users/<GITHUB_LOGIN>/subscriptions\",\"organizations_url\":\"https://api.github.com/users/<GITHUB_LOGIN>/orgs\",\"repos_url\":\"https://api.github.com/users/<GITHUB_LOGIN>/repos\",\"events_url\":\"https://api.github.com/users/<GITHUB_LOGIN>/events{/privacy}\",\"received_events_url\":\"https://api.github.com/users/<GITHUB_LOGIN>/received_events\",\"type\":\"User\"},\"created_at\":\"2013-05-10T15:28:53Z\",\"updated_at\":\"2013-05-10T15:28:53Z\",\"body\":\":metal:\"}"
    http_version: 
  recorded_at: Fri, 10 May 2013 15:28:53 GMT
- request: 
    method: delete
    uri: https://<GITHUB_LOGIN>:<GITHUB_PASSWORD>@api.github.com/gists/5421307/comments/828614
    body: 
      encoding: UTF-8
      string: "{}"
    headers: 
      Accept: 
      - application/vnd.github.beta+json
      User-Agent: 
      - Octokit Ruby Gem 2.0.0.pre
  response: 
    status: 
      code: 204
      message: No Content
    headers: 
      Server: 
      - GitHub.com
      Date: 
      - Fri, 10 May 2013 15:28:53 GMT
      Connection: 
      - keep-alive
      Status: 
      - 204 No Content
      X-Ratelimit-Limit: 
      - "5000"
      X-Ratelimit-Remaining: 
      - "4928"
      X-Github-Media-Type: 
      - github.beta; format=json
      X-Content-Type-Options: 
      - nosniff
      Access-Control-Allow-Credentials: 
      - "true"
      Access-Control-Expose-Headers: 
      - Link, X-RateLimit-Limit, X-RateLimit-Remaining, X-OAuth-Scopes, X-Accepted-OAuth-Scopes
      Access-Control-Allow-Origin: 
      - "*"
      Vary: 
      - Accept-Encoding
    body: 
      encoding: US-ASCII
      string: ""
    http_version: 
  recorded_at: Fri, 10 May 2013 15:28:53 GMT
- request: 
    method: delete
    uri: https://<GITHUB_LOGIN>:<GITHUB_PASSWORD>@api.github.com/gists/5555170
    body: 
      encoding: UTF-8
      string: "{}"
    headers: 
      Accept: 
      - application/vnd.github.beta+json
      User-Agent: 
      - Octokit Ruby Gem 2.0.0.pre
  response: 
    status: 
      code: 204
      message: No Content
    headers: 
      Server: 
      - GitHub.com
      Date: 
      - Fri, 10 May 2013 15:28:54 GMT
      Connection: 
      - keep-alive
      Status: 
      - 204 No Content
      X-Ratelimit-Limit: 
      - "5000"
      X-Ratelimit-Remaining: 
      - "4927"
      X-Github-Media-Type: 
      - github.beta; format=json
      X-Content-Type-Options: 
      - nosniff
      Access-Control-Allow-Credentials: 
      - "true"
      Access-Control-Expose-Headers: 
      - Link, X-RateLimit-Limit, X-RateLimit-Remaining, X-OAuth-Scopes, X-Accepted-OAuth-Scopes
      Access-Control-Allow-Origin: 
      - "*"
      Vary: 
      - Accept-Encoding
    body: 
      encoding: US-ASCII
      string: ""
    http_version: 
  recorded_at: Fri, 10 May 2013 15:28:54 GMT
- request: 
    method: post
    uri: https://<GITHUB_LOGIN>:<GITHUB_PASSWORD>@api.github.com/gists/3528645/forks
    body: 
      encoding: UTF-8
      string: "{}"
    headers: 
      Accept: 
      - application/vnd.github.beta+json
      User-Agent: 
      - Octokit Ruby Gem 2.0.0.pre
  response: 
    status: 
      code: 201
      message: Created
    headers: 
      Server: 
      - GitHub.com
      Date: 
      - Fri, 10 May 2013 15:28:59 GMT
      Content-Type: 
      - application/json; charset=utf-8
      Connection: 
      - keep-alive
      Status: 
      - 201 Created
      X-Ratelimit-Limit: 
      - "5000"
      X-Ratelimit-Remaining: 
      - "4926"
      Location: 
      - https://api.github.com/gists/5555176
      X-Github-Media-Type: 
      - github.beta; format=json
      X-Content-Type-Options: 
      - nosniff
      Content-Length: 
      - "1599"
      Access-Control-Allow-Credentials: 
      - "true"
      Access-Control-Expose-Headers: 
      - Link, X-RateLimit-Limit, X-RateLimit-Remaining, X-OAuth-Scopes, X-Accepted-OAuth-Scopes
      Access-Control-Allow-Origin: 
      - "*"
      Etag: 
      - "\"05c4ed58872d333ad26f964970da9d1c\""
      Cache-Control: 
      - max-age=0, private, must-revalidate
    body: 
      encoding: US-ASCII
      string: "{\"url\":\"https://api.github.com/gists/5555176\",\"forks_url\":\"https://api.github.com/gists/5555176/forks\",\"commits_url\":\"https://api.github.com/gists/5555176/commits\",\"id\":\"5555176\",\"git_pull_url\":\"https://gist.github.com/5555176.git\",\"git_push_url\":\"https://gist.github.com/5555176.git\",\"html_url\":\"https://gist.github.com/5555176\",\"files\":{},\"public\":true,\"created_at\":\"2013-05-10T15:28:58Z\",\"updated_at\":\"2013-05-10T15:28:58Z\",\"description\":\"Create GitHub Authorization token with curl\",\"comments\":0,\"user\":{\"login\":\"<GITHUB_LOGIN>\",\"id\":3513548,\"avatar_url\":\"https://secure.gravatar.com/avatar/becfacf16d1c453662cc46abf5b6f0f9?d=https://a248.e.akamai.net/assets.github.com%2Fimages%2Fgravatars%2Fgravatar-user-420.png\",\"gravatar_id\":\"becfacf16d1c453662cc46abf5b6f0f9\",\"url\":\"https://api.github.com/users/<GITHUB_LOGIN>\",\"html_url\":\"https://github.com/<GITHUB_LOGIN>\",\"followers_url\":\"https://api.github.com/users/<GITHUB_LOGIN>/followers\",\"following_url\":\"https://api.github.com/users/<GITHUB_LOGIN>/following{/other_user}\",\"gists_url\":\"https://api.github.com/users/<GITHUB_LOGIN>/gists{/gist_id}\",\"starred_url\":\"https://api.github.com/users/<GITHUB_LOGIN>/starred{/owner}{/repo}\",\"subscriptions_url\":\"https://api.github.com/users/<GITHUB_LOGIN>/subscriptions\",\"organizations_url\":\"https://api.github.com/users/<GITHUB_LOGIN>/orgs\",\"repos_url\":\"https://api.github.com/users/<GITHUB_LOGIN>/repos\",\"events_url\":\"https://api.github.com/users/<GITHUB_LOGIN>/events{/privacy}\",\"received_events_url\":\"https://api.github.com/users/<GITHUB_LOGIN>/received_events\",\"type\":\"User\"},\"comments_url\":\"https://api.github.com/gists/5555176/comments\"}"
    http_version: 
  recorded_at: Fri, 10 May 2013 15:28:59 GMT
- request: 
    method: delete
    uri: https://<GITHUB_LOGIN>:<GITHUB_PASSWORD>@api.github.com/gists/5555176
    body: 
      encoding: UTF-8
      string: "{}"
    headers: 
      Accept: 
      - application/vnd.github.beta+json
      User-Agent: 
      - Octokit Ruby Gem 2.0.0.pre
  response: 
    status: 
      code: 204
      message: No Content
    headers: 
      Server: 
      - GitHub.com
      Date: 
      - Fri, 10 May 2013 15:28:59 GMT
      Connection: 
      - keep-alive
      Status: 
      - 204 No Content
      X-Ratelimit-Limit: 
      - "5000"
      X-Ratelimit-Remaining: 
      - "4925"
      X-Github-Media-Type: 
      - github.beta; format=json
      X-Content-Type-Options: 
      - nosniff
      Access-Control-Allow-Credentials: 
      - "true"
      Access-Control-Expose-Headers: 
      - Link, X-RateLimit-Limit, X-RateLimit-Remaining, X-OAuth-Scopes, X-Accepted-OAuth-Scopes
      Access-Control-Allow-Origin: 
      - "*"
      Vary: 
      - Accept-Encoding
    body: 
      encoding: US-ASCII
      string: ""
    http_version: 
  recorded_at: Fri, 10 May 2013 15:28:59 GMT
recorded_with: VCR 2.4.0
