--- 
http_interactions: 
- request: 
    method: get
    uri: https://api.github.com/repos/pengwynn/octokit/milestones
    body: 
      encoding: US-ASCII
      string: ""
    headers: 
      Accept: 
      - application/vnd.github.beta+json
      User-Agent: 
      - Octokit Ruby Gem 2.0.0
      Accept-Encoding: 
      - gzip;q=1.0,deflate;q=0.6,identity;q=0.3
  response: 
    status: 
      code: 200
      message: OK
    headers: 
      Server: 
      - GitHub.com
      Date: 
      - Tue, 30 Apr 2013 21:29:03 GMT
      Content-Type: 
      - application/json; charset=utf-8
      Connection: 
      - keep-alive
      Status: 
      - 200 OK
      X-Ratelimit-Limit: 
      - "60"
      X-Ratelimit-Remaining: 
      - "31"
      X-Github-Media-Type: 
      - github.beta; format=json
      X-Content-Type-Options: 
      - nosniff
      Content-Length: 
      - "2"
      Access-Control-Allow-Credentials: 
      - "true"
      Access-Control-Expose-Headers: 
      - Link, X-RateLimit-Limit, X-RateLimit-Remaining, X-OAuth-Scopes, X-Accepted-OAuth-Scopes
      Access-Control-Allow-Origin: 
      - "*"
      Etag: 
      - "\"d751713988987e9331980363e24189ce\""
      Cache-Control: 
      - max-age=0, private, must-revalidate
      Vary: 
      - Accept-Encoding
    body: 
      encoding: US-ASCII
      string: "[]"
    http_version: 
  recorded_at: Tue, 30 Apr 2013 21:29:03 GMT
- request: 
    method: get
    uri: https://api.github.com/repos/pengwynn/api-sandbox/milestones
    body: 
      encoding: US-ASCII
      string: ""
    headers: 
      Accept: 
      - application/vnd.github.beta+json
      User-Agent: 
      - Octokit Ruby Gem 2.0.0
      Accept-Encoding: 
      - gzip;q=1.0,deflate;q=0.6,identity;q=0.3
  response: 
    status: 
      code: 404
      message: Not Found
    headers: 
      Server: 
      - GitHub.com
      Date: 
      - Tue, 30 Apr 2013 21:31:12 GMT
      Content-Type: 
      - application/json; charset=utf-8
      Transfer-Encoding: 
      - chunked
      Connection: 
      - keep-alive
      Status: 
      - 404 Not Found
      X-Ratelimit-Limit: 
      - "60"
      X-Ratelimit-Remaining: 
      - "59"
      X-Github-Media-Type: 
      - github.beta; format=json
      X-Content-Type-Options: 
      - nosniff
      Access-Control-Allow-Credentials: 
      - "true"
      Access-Control-Expose-Headers: 
      - Link, X-RateLimit-Limit, X-RateLimit-Remaining, X-OAuth-Scopes, X-Accepted-OAuth-Scopes
      Access-Control-Allow-Origin: 
      - "*"
    body: 
      encoding: ASCII-8BIT
      string: "{\"message\":\"Not Found\"}"
    http_version: 
  recorded_at: Tue, 30 Apr 2013 21:31:13 GMT
- request: 
    method: get
    uri: https://<GITHUB_LOGIN>:<GITHUB_PASSWORD>@api.github.com/repos/pengwynn/api-sandbox/milestones
    body: 
      encoding: US-ASCII
      string: ""
    headers: 
      Accept: 
      - application/vnd.github.beta+json
      User-Agent: 
      - Octokit Ruby Gem 2.0.0
      Accept-Encoding: 
      - gzip;q=1.0,deflate;q=0.6,identity;q=0.3
  response: 
    status: 
      code: 200
      message: OK
    headers: 
      Server: 
      - GitHub.com
      Date: 
      - Tue, 30 Apr 2013 21:31:41 GMT
      Content-Type: 
      - application/json; charset=utf-8
      Transfer-Encoding: 
      - chunked
      Connection: 
      - keep-alive
      Status: 
      - 200 OK
      X-Ratelimit-Limit: 
      - "5000"
      X-Ratelimit-Remaining: 
      - "4999"
      Vary: 
      - Accept, Authorization, Cookie
      - Accept-Encoding
      Cache-Control: 
      - private, max-age=60, s-maxage=60
      Last-Modified: 
      - Tue, 30 Apr 2013 17:07:24 GMT
      Etag: 
      - "\"2e3da2811c90053a8eaf588c2904d19b\""
      X-Github-Media-Type: 
      - github.beta; format=json
      X-Content-Type-Options: 
      - nosniff
      Access-Control-Allow-Credentials: 
      - "true"
      Access-Control-Expose-Headers: 
      - Link, X-RateLimit-Limit, X-RateLimit-Remaining, X-OAuth-Scopes, X-Accepted-OAuth-Scopes
      Access-Control-Allow-Origin: 
      - "*"
    body: 
      encoding: ASCII-8BIT
      string: "[{\"url\":\"https://api.github.com/repos/pengwynn/api-sandbox/milestones/1\",\"labels_url\":\"https://api.github.com/repos/pengwynn/api-sandbox/milestones/1/labels\",\"id\":137350,\"number\":1,\"title\":\"Version 1.0\",\"description\":\"\",\"creator\":{\"login\":\"pengwynn\",\"id\":865,\"avatar_url\":\"https://secure.gravatar.com/avatar/7e19cd5486b5d6dc1ef90e671ba52ae0?d=https://a248.e.akamai.net/assets.github.com%2Fimages%2Fgravatars%2Fgravatar-user-420.png\",\"gravatar_id\":\"7e19cd5486b5d6dc1ef90e671ba52ae0\",\"url\":\"https://api.github.com/users/pengwynn\",\"html_url\":\"https://github.com/pengwynn\",\"followers_url\":\"https://api.github.com/users/pengwynn/followers\",\"following_url\":\"https://api.github.com/users/pengwynn/following\",\"gists_url\":\"https://api.github.com/users/pengwynn/gists{/gist_id}\",\"starred_url\":\"https://api.github.com/users/pengwynn/starred{/owner}{/repo}\",\"subscriptions_url\":\"https://api.github.com/users/pengwynn/subscriptions\",\"organizations_url\":\"https://api.github.com/users/pengwynn/orgs\",\"repos_url\":\"https://api.github.com/users/pengwynn/repos\",\"events_url\":\"https://api.github.com/users/pengwynn/events{/privacy}\",\"received_events_url\":\"https://api.github.com/users/pengwynn/received_events\",\"type\":\"User\"},\"open_issues\":2,\"closed_issues\":1,\"state\":\"open\",\"created_at\":\"2012-06-26T15:58:13Z\",\"updated_at\":\"2012-07-05T14:57:09Z\",\"due_on\":null}]"
    http_version: 
  recorded_at: Tue, 30 Apr 2013 21:31:41 GMT
- request: 
    method: get
    uri: https://<GITHUB_LOGIN>:<GITHUB_PASSWORD>@api.github.com/repos/pengwynn/api-sandbox/milestones/1
    body: 
      encoding: US-ASCII
      string: ""
    headers: 
      Accept: 
      - application/vnd.github.beta+json
      User-Agent: 
      - Octokit Ruby Gem 2.0.0
      Accept-Encoding: 
      - gzip;q=1.0,deflate;q=0.6,identity;q=0.3
  response: 
    status: 
      code: 200
      message: OK
    headers: 
      Server: 
      - GitHub.com
      Date: 
      - Tue, 30 Apr 2013 21:31:41 GMT
      Content-Type: 
      - application/json; charset=utf-8
      Transfer-Encoding: 
      - chunked
      Connection: 
      - keep-alive
      Status: 
      - 200 OK
      X-Ratelimit-Limit: 
      - "5000"
      X-Ratelimit-Remaining: 
      - "4998"
      Vary: 
      - Accept, Authorization, Cookie
      - Accept-Encoding
      Cache-Control: 
      - private, max-age=60, s-maxage=60
      Last-Modified: 
      - Tue, 30 Apr 2013 17:07:24 GMT
      Etag: 
      - "\"2e3da2811c90053a8eaf588c2904d19b\""
      X-Github-Media-Type: 
      - github.beta; format=json
      X-Content-Type-Options: 
      - nosniff
      Access-Control-Allow-Credentials: 
      - "true"
      Access-Control-Expose-Headers: 
      - Link, X-RateLimit-Limit, X-RateLimit-Remaining, X-OAuth-Scopes, X-Accepted-OAuth-Scopes
      Access-Control-Allow-Origin: 
      - "*"
    body: 
      encoding: ASCII-8BIT
      string: "{\"url\":\"https://api.github.com/repos/pengwynn/api-sandbox/milestones/1\",\"labels_url\":\"https://api.github.com/repos/pengwynn/api-sandbox/milestones/1/labels\",\"id\":137350,\"number\":1,\"title\":\"Version 1.0\",\"description\":\"\",\"creator\":{\"login\":\"pengwynn\",\"id\":865,\"avatar_url\":\"https://secure.gravatar.com/avatar/7e19cd5486b5d6dc1ef90e671ba52ae0?d=https://a248.e.akamai.net/assets.github.com%2Fimages%2Fgravatars%2Fgravatar-user-420.png\",\"gravatar_id\":\"7e19cd5486b5d6dc1ef90e671ba52ae0\",\"url\":\"https://api.github.com/users/pengwynn\",\"html_url\":\"https://github.com/pengwynn\",\"followers_url\":\"https://api.github.com/users/pengwynn/followers\",\"following_url\":\"https://api.github.com/users/pengwynn/following\",\"gists_url\":\"https://api.github.com/users/pengwynn/gists{/gist_id}\",\"starred_url\":\"https://api.github.com/users/pengwynn/starred{/owner}{/repo}\",\"subscriptions_url\":\"https://api.github.com/users/pengwynn/subscriptions\",\"organizations_url\":\"https://api.github.com/users/pengwynn/orgs\",\"repos_url\":\"https://api.github.com/users/pengwynn/repos\",\"events_url\":\"https://api.github.com/users/pengwynn/events{/privacy}\",\"received_events_url\":\"https://api.github.com/users/pengwynn/received_events\",\"type\":\"User\"},\"open_issues\":2,\"closed_issues\":1,\"state\":\"open\",\"created_at\":\"2012-06-26T15:58:13Z\",\"updated_at\":\"2012-07-05T14:57:09Z\",\"due_on\":null}"
    http_version: 
  recorded_at: Tue, 30 Apr 2013 21:31:41 GMT
- request: 
    method: post
    uri: https://<GITHUB_LOGIN>:<GITHUB_PASSWORD>@api.github.com/repos/pengwynn/api-sandbox/milestones
    body: 
      encoding: UTF-8
      string: "{\"title\":\"2.0.0\"}"
    headers: 
      Accept: 
      - application/vnd.github.beta+json
      User-Agent: 
      - Octokit Ruby Gem 2.0.0
  response: 
    status: 
      code: 201
      message: Created
    headers: 
      Server: 
      - GitHub.com
      Date: 
      - Tue, 30 Apr 2013 21:34:53 GMT
      Content-Type: 
      - application/json; charset=utf-8
      Connection: 
      - keep-alive
      Status: 
      - 201 Created
      X-Ratelimit-Limit: 
      - "5000"
      X-Ratelimit-Remaining: 
      - "4997"
      Location: 
      - https://api.github.com/repos/pengwynn/api-sandbox/milestones/2
      X-Github-Media-Type: 
      - github.beta; format=json
      X-Content-Type-Options: 
      - nosniff
      Content-Length: 
      - "1376"
      Access-Control-Allow-Credentials: 
      - "true"
      Access-Control-Expose-Headers: 
      - Link, X-RateLimit-Limit, X-RateLimit-Remaining, X-OAuth-Scopes, X-Accepted-OAuth-Scopes
      Access-Control-Allow-Origin: 
      - "*"
      Etag: 
      - "\"3a886b7e375572fdc64a3b8f4746521a\""
      Cache-Control: 
      - max-age=0, private, must-revalidate
    body: 
      encoding: US-ASCII
      string: "{\"url\":\"https://api.github.com/repos/pengwynn/api-sandbox/milestones/2\",\"labels_url\":\"https://api.github.com/repos/pengwynn/api-sandbox/milestones/2/labels\",\"id\":324343,\"number\":2,\"title\":\"2.0.0\",\"description\":null,\"creator\":{\"login\":\"<GITHUB_LOGIN>\",\"id\":3513548,\"avatar_url\":\"https://secure.gravatar.com/avatar/becfacf16d1c453662cc46abf5b6f0f9?d=https://a248.e.akamai.net/assets.github.com%2Fimages%2Fgravatars%2Fgravatar-user-420.png\",\"gravatar_id\":\"becfacf16d1c453662cc46abf5b6f0f9\",\"url\":\"https://api.github.com/users/<GITHUB_LOGIN>\",\"html_url\":\"https://github.com/<GITHUB_LOGIN>\",\"followers_url\":\"https://api.github.com/users/<GITHUB_LOGIN>/followers\",\"following_url\":\"https://api.github.com/users/<GITHUB_LOGIN>/following\",\"gists_url\":\"https://api.github.com/users/<GITHUB_LOGIN>/gists{/gist_id}\",\"starred_url\":\"https://api.github.com/users/<GITHUB_LOGIN>/starred{/owner}{/repo}\",\"subscriptions_url\":\"https://api.github.com/users/<GITHUB_LOGIN>/subscriptions\",\"organizations_url\":\"https://api.github.com/users/<GITHUB_LOGIN>/orgs\",\"repos_url\":\"https://api.github.com/users/<GITHUB_LOGIN>/repos\",\"events_url\":\"https://api.github.com/users/<GITHUB_LOGIN>/events{/privacy}\",\"received_events_url\":\"https://api.github.com/users/<GITHUB_LOGIN>/received_events\",\"type\":\"User\"},\"open_issues\":0,\"closed_issues\":0,\"state\":\"open\",\"created_at\":\"2013-04-30T21:34:53Z\",\"updated_at\":\"2013-04-30T21:34:53Z\",\"due_on\":null}"
    http_version: 
  recorded_at: Tue, 30 Apr 2013 21:34:54 GMT
- request: 
    method: delete
    uri: https://<GITHUB_LOGIN>:<GITHUB_PASSWORD>@api.github.com/repos/pengwynn/octokit/milestones/2
    body: 
      encoding: UTF-8
      string: "{}"
    headers: 
      Accept: 
      - application/vnd.github.beta+json
      User-Agent: 
      - Octokit Ruby Gem 2.0.0
  response: 
    status: 
      code: 404
      message: Not Found
    headers: 
      Server: 
      - GitHub.com
      Date: 
      - Tue, 30 Apr 2013 21:34:54 GMT
      Content-Type: 
      - application/json; charset=utf-8
      Connection: 
      - keep-alive
      Status: 
      - 404 Not Found
      X-Ratelimit-Limit: 
      - "5000"
      X-Ratelimit-Remaining: 
      - "4996"
      X-Github-Media-Type: 
      - github.beta; format=json
      X-Content-Type-Options: 
      - nosniff
      Content-Length: 
      - "23"
      Access-Control-Allow-Credentials: 
      - "true"
      Access-Control-Expose-Headers: 
      - Link, X-RateLimit-Limit, X-RateLimit-Remaining, X-OAuth-Scopes, X-Accepted-OAuth-Scopes
      Access-Control-Allow-Origin: 
      - "*"
    body: 
      encoding: US-ASCII
      string: "{\"message\":\"Not Found\"}"
    http_version: 
  recorded_at: Tue, 30 Apr 2013 21:34:54 GMT
- request: 
    method: patch
    uri: https://<GITHUB_LOGIN>:<GITHUB_PASSWORD>@api.github.com/repos/pengwynn/octokit/milestones/2
    body: 
      encoding: UTF-8
      string: "{\"description\":\"Add support for API v3\"}"
    headers: 
      Accept: 
      - application/vnd.github.beta+json
      User-Agent: 
      - Octokit Ruby Gem 2.0.0
  response: 
    status: 
      code: 404
      message: Not Found
    headers: 
      Server: 
      - GitHub.com
      Date: 
      - Tue, 30 Apr 2013 21:34:54 GMT
      Content-Type: 
      - application/json; charset=utf-8
      Connection: 
      - keep-alive
      Status: 
      - 404 Not Found
      X-Ratelimit-Limit: 
      - "5000"
      X-Ratelimit-Remaining: 
      - "4995"
      X-Github-Media-Type: 
      - github.beta; format=json
      X-Content-Type-Options: 
      - nosniff
      Content-Length: 
      - "23"
      Access-Control-Allow-Credentials: 
      - "true"
      Access-Control-Expose-Headers: 
      - Link, X-RateLimit-Limit, X-RateLimit-Remaining, X-OAuth-Scopes, X-Accepted-OAuth-Scopes
      Access-Control-Allow-Origin: 
      - "*"
    body: 
      encoding: US-ASCII
      string: "{\"message\":\"Not Found\"}"
    http_version: 
  recorded_at: Tue, 30 Apr 2013 21:34:54 GMT
- request: 
    method: delete
    uri: https://<GITHUB_LOGIN>:<GITHUB_PASSWORD>@api.github.com/repos/pengwynn/api-sandbox/milestones/2
    body: 
      encoding: UTF-8
      string: "{}"
    headers: 
      Accept: 
      - application/vnd.github.beta+json
      User-Agent: 
      - Octokit Ruby Gem 2.0.0
  response: 
    status: 
      code: 204
      message: No Content
    headers: 
      Server: 
      - GitHub.com
      Date: 
      - Tue, 30 Apr 2013 21:35:30 GMT
      Connection: 
      - keep-alive
      Status: 
      - 204 No Content
      X-Ratelimit-Limit: 
      - "5000"
      X-Ratelimit-Remaining: 
      - "4994"
      X-Github-Media-Type: 
      - github.beta; format=json
      X-Content-Type-Options: 
      - nosniff
      Access-Control-Allow-Credentials: 
      - "true"
      Access-Control-Expose-Headers: 
      - Link, X-RateLimit-Limit, X-RateLimit-Remaining, X-OAuth-Scopes, X-Accepted-OAuth-Scopes
      Access-Control-Allow-Origin: 
      - "*"
      Vary: 
      - Accept-Encoding
    body: 
      encoding: US-ASCII
      string: ""
    http_version: 
  recorded_at: Tue, 30 Apr 2013 21:35:30 GMT
- request: 
    method: patch
    uri: https://<GITHUB_LOGIN>:<GITHUB_PASSWORD>@api.github.com/repos/pengwynn/api-sandbox/milestones/2
    body: 
      encoding: UTF-8
      string: "{\"description\":\"Add support for API v3\"}"
    headers: 
      Accept: 
      - application/vnd.github.beta+json
      User-Agent: 
      - Octokit Ruby Gem 2.0.0
  response: 
    status: 
      code: 404
      message: Not Found
    headers: 
      Server: 
      - GitHub.com
      Date: 
      - Tue, 30 Apr 2013 21:35:30 GMT
      Content-Type: 
      - application/json; charset=utf-8
      Connection: 
      - keep-alive
      Status: 
      - 404 Not Found
      X-Ratelimit-Limit: 
      - "5000"
      X-Ratelimit-Remaining: 
      - "4993"
      X-Github-Media-Type: 
      - github.beta; format=json
      X-Content-Type-Options: 
      - nosniff
      Content-Length: 
      - "23"
      Access-Control-Allow-Credentials: 
      - "true"
      Access-Control-Expose-Headers: 
      - Link, X-RateLimit-Limit, X-RateLimit-Remaining, X-OAuth-Scopes, X-Accepted-OAuth-Scopes
      Access-Control-Allow-Origin: 
      - "*"
    body: 
      encoding: US-ASCII
      string: "{\"message\":\"Not Found\"}"
    http_version: 
  recorded_at: Tue, 30 Apr 2013 21:35:30 GMT
recorded_with: VCR 2.4.0
